::1 - - [18/Jul/2023:07:39:32 +0000] "POST /api/lastSensors HTTP/1.1" 200 47 "http://localhost:3333/action" "Mozilla/5.0 (Windows NT 10.0; Win64; x64) AppleWebKit/537.36 (KHTML, like Gecko) Chrome/114.0.0.0 Safari/537.36"
::ffff:94.229.102.58 - - [18/Jul/2023:07:39:32 +0000] "POST /api/sensorsName HTTP/1.1" 200 8884 "http://cursor-gps.ru/action" "Mozilla/5.0 (Windows NT 10.0; Win64; x64; rv:109.0) Gecko/20100101 Firefox/115.0"
::ffff:94.229.102.58 - - [18/Jul/2023:07:39:32 +0000] "POST /api/sensorsName HTTP/1.1" 200 3453 "http://cursor-gps.ru/action" "Mozilla/5.0 (Windows NT 10.0; Win64; x64; rv:109.0) Gecko/20100101 Firefox/115.0"
::ffff:94.229.102.58 - - [18/Jul/2023:07:39:32 +0000] "POST /api/sensorsName HTTP/1.1" 200 8830 "http://cursor-gps.ru/action" "Mozilla/5.0 (Windows NT 10.0; Win64; x64; rv:109.0) Gecko/20100101 Firefox/115.0"
::ffff:94.229.102.58 - - [18/Jul/2023:07:39:32 +0000] "POST /api/sensorsName HTTP/1.1" 200 10735 "http://cursor-gps.ru/action" "Mozilla/5.0 (Windows NT 10.0; Win64; x64; rv:109.0) Gecko/20100101 Firefox/115.0"
::ffff:94.229.102.58 - - [18/Jul/2023:07:39:32 +0000] "POST /api/lastSensors HTTP/1.1" 200 569 "http://cursor-gps.ru/action" "Mozilla/5.0 (Windows NT 10.0; Win64; x64; rv:109.0) Gecko/20100101 Firefox/115.0"
::1 - - [18/Jul/2023:07:39:32 +0000] "POST /api/lastSensors HTTP/1.1" 200 280 "http://localhost:3333/action" "Mozilla/5.0 (Windows NT 10.0; Win64; x64) AppleWebKit/537.36 (KHTML, like Gecko) Chrome/114.0.0.0 Safari/537.36"
::1 - - [18/Jul/2023:07:39:32 +0000] "POST /api/lastSensors HTTP/1.1" 200 350 "http://localhost:3333/action" "Mozilla/5.0 (Windows NT 10.0; Win64; x64) AppleWebKit/537.36 (KHTML, like Gecko) Chrome/114.0.0.0 Safari/537.36"
::1 - - [18/Jul/2023:07:39:32 +0000] "POST /api/lastSensors HTTP/1.1" 200 328 "http://localhost:3333/action" "Mozilla/5.0 (Windows NT 10.0; Win64; x64) AppleWebKit/537.36 (KHTML, like Gecko) Chrome/114.0.0.0 Safari/537.36"
::1 - - [18/Jul/2023:07:39:32 +0000] "POST /api/lastSensors HTTP/1.1" 200 572 "http://localhost:3333/action" "Mozilla/5.0 (Windows NT 10.0; Win64; x64) AppleWebKit/537.36 (KHTML, like Gecko) Chrome/114.0.0.0 Safari/537.36"
::1 - - [18/Jul/2023:07:39:32 +0000] "POST /api/lastSensors HTTP/1.1" 200 475 "http://localhost:3333/action" "Mozilla/5.0 (Windows NT 10.0; Win64; x64) AppleWebKit/537.36 (KHTML, like Gecko) Chrome/114.0.0.0 Safari/537.36"
::ffff:94.229.102.58 - - [18/Jul/2023:07:39:32 +0000] "POST /api/lastSensors HTTP/1.1" 200 165 "http://cursor-gps.ru/action" "Mozilla/5.0 (Windows NT 10.0; Win64; x64; rv:109.0) Gecko/20100101 Firefox/115.0"
::ffff:94.229.102.58 - - [18/Jul/2023:07:39:32 +0000] "POST /api/lastSensors HTTP/1.1" 200 47 "http://cursor-gps.ru/action" "Mozilla/5.0 (Windows NT 10.0; Win64; x64; rv:109.0) Gecko/20100101 Firefox/115.0"
::ffff:94.229.102.58 - - [18/Jul/2023:07:39:32 +0000] "POST /api/lastSensors HTTP/1.1" 200 328 "http://cursor-gps.ru/action" "Mozilla/5.0 (Windows NT 10.0; Win64; x64; rv:109.0) Gecko/20100101 Firefox/115.0"
::ffff:94.229.102.58 - - [18/Jul/2023:07:39:32 +0000] "POST /api/lastSensors HTTP/1.1" 200 350 "http://cursor-gps.ru/action" "Mozilla/5.0 (Windows NT 10.0; Win64; x64; rv:109.0) Gecko/20100101 Firefox/115.0"
::ffff:94.229.102.58 - - [18/Jul/2023:07:39:32 +0000] "POST /api/lastSensors HTTP/1.1" 200 280 "http://cursor-gps.ru/action" "Mozilla/5.0 (Windows NT 10.0; Win64; x64; rv:109.0) Gecko/20100101 Firefox/115.0"
::ffff:94.229.102.58 - - [18/Jul/2023:07:39:32 +0000] "POST /api/lastSensors HTTP/1.1" 200 153 "http://cursor-gps.ru/action" "Mozilla/5.0 (Windows NT 10.0; Win64; x64; rv:109.0) Gecko/20100101 Firefox/115.0"
::ffff:94.229.102.58 - - [18/Jul/2023:07:39:32 +0000] "POST /api/lastSensors HTTP/1.1" 200 475 "http://cursor-gps.ru/action" "Mozilla/5.0 (Windows NT 10.0; Win64; x64; rv:109.0) Gecko/20100101 Firefox/115.0"
::1 - - [18/Jul/2023:07:39:32 +0000] "POST /api/lastSensors HTTP/1.1" 200 569 "http://localhost:3333/action" "Mozilla/5.0 (Windows NT 10.0; Win64; x64) AppleWebKit/537.36 (KHTML, like Gecko) Chrome/114.0.0.0 Safari/537.36"
::ffff:94.229.102.58 - - [18/Jul/2023:07:39:32 +0000] "POST /api/lastSensors HTTP/1.1" 200 572 "http://cursor-gps.ru/action" "Mozilla/5.0 (Windows NT 10.0; Win64; x64; rv:109.0) Gecko/20100101 Firefox/115.0"
::ffff:94.229.102.58 - - [18/Jul/2023:07:39:33 +0000] "POST /api/summaryYestoday HTTP/1.1" 200 1469 "http://cursor-gps.ru/action" "Mozilla/5.0 (Windows NT 10.0; Win64; x64; rv:109.0) Gecko/20100101 Firefox/115.0"
::ffff:94.229.102.58 - - [18/Jul/2023:07:39:33 +0000] "POST /api/summaryYestoday HTTP/1.1" 200 1469 "http://cursor-gps.ru/action" "Mozilla/5.0 (Windows NT 10.0; Win64; x64; rv:109.0) Gecko/20100101 Firefox/115.0"
::ffff:94.229.102.58 - - [18/Jul/2023:07:39:33 +0000] "POST /api/loadInterval HTTP/1.1" 200 106354 "http://cursor-gps.ru/action" "Mozilla/5.0 (Windows NT 10.0; Win64; x64; rv:109.0) Gecko/20100101 Firefox/115.0"
::ffff:94.229.102.58 - - [18/Jul/2023:07:39:33 +0000] "POST /api/sensors HTTP/1.1" 200 33198 "http://cursor-gps.ru/action" "Mozilla/5.0 (Windows NT 10.0; Win64; x64; rv:109.0) Gecko/20100101 Firefox/115.0"
::ffff:94.229.102.58 - - [18/Jul/2023:07:39:34 +0000] "POST /api/sensorsName HTTP/1.1" 200 15425 "http://cursor-gps.ru/action" "Mozilla/5.0 (Windows NT 10.0; Win64; x64; rv:109.0) Gecko/20100101 Firefox/115.0"
::ffff:94.229.102.58 - - [18/Jul/2023:07:39:36 +0000] "POST /api/loadInterval HTTP/1.1" 200 4528244 "http://cursor-gps.ru/action" "Mozilla/5.0 (Windows NT 10.0; Win64; x64; rv:109.0) Gecko/20100101 Firefox/115.0"
::ffff:94.229.102.58 - - [18/Jul/2023:07:39:38 +0000] "POST /api/sensors HTTP/1.1" 200 1246867 "http://cursor-gps.ru/action" "Mozilla/5.0 (Windows NT 10.0; Win64; x64; rv:109.0) Gecko/20100101 Firefox/115.0"
::ffff:94.229.102.58 - - [18/Jul/2023:07:39:39 +0000] "POST /api/sensorsName HTTP/1.1" 200 16913 "http://cursor-gps.ru/action" "Mozilla/5.0 (Windows NT 10.0; Win64; x64; rv:109.0) Gecko/20100101 Firefox/115.0"
::ffff:94.229.102.58 - - [18/Jul/2023:07:39:39 +0000] "POST /api/loadInterval HTTP/1.1" 200 107776 "http://cursor-gps.ru/action" "Mozilla/5.0 (Windows NT 10.0; Win64; x64; rv:109.0) Gecko/20100101 Firefox/115.0"
::ffff:94.229.102.58 - - [18/Jul/2023:07:39:39 +0000] "POST /api/sensors HTTP/1.1" 200 30814 "http://cursor-gps.ru/action" "Mozilla/5.0 (Windows NT 10.0; Win64; x64; rv:109.0) Gecko/20100101 Firefox/115.0"
::ffff:94.229.102.58 - - [18/Jul/2023:07:39:39 +0000] "POST /api/sensorsName HTTP/1.1" 200 5366 "http://cursor-gps.ru/action" "Mozilla/5.0 (Windows NT 10.0; Win64; x64; rv:109.0) Gecko/20100101 Firefox/115.0"
::ffff:94.229.102.58 - - [18/Jul/2023:07:39:40 +0000] "POST /api/loadInterval HTTP/1.1" 200 25 "http://cursor-gps.ru/action" "Mozilla/5.0 (Windows NT 10.0; Win64; x64; rv:109.0) Gecko/20100101 Firefox/115.0"
::ffff:94.229.102.58 - - [18/Jul/2023:07:39:40 +0000] "POST /api/sensors HTTP/1.1" 200 2 "http://cursor-gps.ru/action" "Mozilla/5.0 (Windows NT 10.0; Win64; x64; rv:109.0) Gecko/20100101 Firefox/115.0"
::ffff:94.229.102.58 - - [18/Jul/2023:07:39:40 +0000] "POST /api/sensorsName HTTP/1.1" 200 13377 "http://cursor-gps.ru/action" "Mozilla/5.0 (Windows NT 10.0; Win64; x64; rv:109.0) Gecko/20100101 Firefox/115.0"
::ffff:94.229.102.58 - - [18/Jul/2023:07:39:40 +0000] "POST /api/loadInterval HTTP/1.1" 200 863684 "http://cursor-gps.ru/action" "Mozilla/5.0 (Windows NT 10.0; Win64; x64; rv:109.0) Gecko/20100101 Firefox/115.0"
::ffff:94.229.102.58 - - [18/Jul/2023:07:39:41 +0000] "POST /api/sensors HTTP/1.1" 200 304600 "http://cursor-gps.ru/action" "Mozilla/5.0 (Windows NT 10.0; Win64; x64; rv:109.0) Gecko/20100101 Firefox/115.0"
::ffff:94.229.102.58 - - [18/Jul/2023:07:39:41 +0000] "POST /api/sensorsName HTTP/1.1" 200 10735 "http://cursor-gps.ru/action" "Mozilla/5.0 (Windows NT 10.0; Win64; x64; rv:109.0) Gecko/20100101 Firefox/115.0"
::ffff:94.229.102.58 - - [18/Jul/2023:07:39:42 +0000] "POST /api/loadInterval HTTP/1.1" 200 231710 "http://cursor-gps.ru/action" "Mozilla/5.0 (Windows NT 10.0; Win64; x64; rv:109.0) Gecko/20100101 Firefox/115.0"
::ffff:94.229.102.58 - - [18/Jul/2023:07:39:42 +0000] "POST /api/sensors HTTP/1.1" 200 105807 "http://cursor-gps.ru/action" "Mozilla/5.0 (Windows NT 10.0; Win64; x64; rv:109.0) Gecko/20100101 Firefox/115.0"
::ffff:94.229.102.58 - - [18/Jul/2023:07:39:42 +0000] "POST /api/sensorsName HTTP/1.1" 200 8830 "http://cursor-gps.ru/action" "Mozilla/5.0 (Windows NT 10.0; Win64; x64; rv:109.0) Gecko/20100101 Firefox/115.0"
::ffff:94.229.102.58 - - [18/Jul/2023:07:39:42 +0000] "POST /api/summary HTTP/1.1" 200 45 "http://cursor-gps.ru/action" "Mozilla/5.0 (Windows NT 10.0; Win64; x64; rv:109.0) Gecko/20100101 Firefox/115.0"
::ffff:94.229.102.58 - - [18/Jul/2023:07:39:42 +0000] "POST /api/summary HTTP/1.1" 200 45 "http://cursor-gps.ru/action" "Mozilla/5.0 (Windows NT 10.0; Win64; x64; rv:109.0) Gecko/20100101 Firefox/115.0"
::ffff:94.229.102.58 - - [18/Jul/2023:07:39:42 +0000] "POST /api/summary HTTP/1.1" 200 45 "http://cursor-gps.ru/action" "Mozilla/5.0 (Windows NT 10.0; Win64; x64; rv:109.0) Gecko/20100101 Firefox/115.0"
::ffff:94.229.102.58 - - [18/Jul/2023:07:39:42 +0000] "POST /api/summary HTTP/1.1" 200 45 "http://cursor-gps.ru/action" "Mozilla/5.0 (Windows NT 10.0; Win64; x64; rv:109.0) Gecko/20100101 Firefox/115.0"
::ffff:94.229.102.58 - - [18/Jul/2023:07:39:42 +0000] "POST /api/summary HTTP/1.1" 200 45 "http://cursor-gps.ru/action" "Mozilla/5.0 (Windows NT 10.0; Win64; x64; rv:109.0) Gecko/20100101 Firefox/115.0"
::ffff:94.229.102.58 - - [18/Jul/2023:07:39:42 +0000] "POST /api/summary HTTP/1.1" 200 45 "http://cursor-gps.ru/action" "Mozilla/5.0 (Windows NT 10.0; Win64; x64; rv:109.0) Gecko/20100101 Firefox/115.0"
::1 - - [18/Jul/2023:07:40:31 +0000] "POST /api/spisokList HTTP/1.1" 200 5301 "http://localhost:3333/action" "Mozilla/5.0 (Windows NT 10.0; Win64; x64) AppleWebKit/537.36 (KHTML, like Gecko) Chrome/114.0.0.0 Safari/537.36"
::1 - - [18/Jul/2023:07:40:31 +0000] "POST /api/spisokList HTTP/1.1" 200 6033 "http://localhost:3333/action" "Mozilla/5.0 (Windows NT 10.0; Win64; x64) AppleWebKit/537.36 (KHTML, like Gecko) Chrome/114.0.0.0 Safari/537.36"
::1 - - [18/Jul/2023:07:40:31 +0000] "POST /api/spisokList HTTP/1.1" 200 5245 "http://localhost:3333/action" "Mozilla/5.0 (Windows NT 10.0; Win64; x64) AppleWebKit/537.36 (KHTML, like Gecko) Chrome/114.0.0.0 Safari/537.36"
::1 - - [18/Jul/2023:07:40:31 +0000] "POST /api/spisokList HTTP/1.1" 200 2885 "http://localhost:3333/action" "Mozilla/5.0 (Windows NT 10.0; Win64; x64) AppleWebKit/537.36 (KHTML, like Gecko) Chrome/114.0.0.0 Safari/537.36"
::1 - - [18/Jul/2023:07:40:31 +0000] "POST /api/spisokList HTTP/1.1" 200 1529 "http://localhost:3333/action" "Mozilla/5.0 (Windows NT 10.0; Win64; x64) AppleWebKit/537.36 (KHTML, like Gecko) Chrome/114.0.0.0 Safari/537.36"
::1 - - [18/Jul/2023:07:40:31 +0000] "POST /api/spisokList HTTP/1.1" 200 5275 "http://localhost:3333/action" "Mozilla/5.0 (Windows NT 10.0; Win64; x64) AppleWebKit/537.36 (KHTML, like Gecko) Chrome/114.0.0.0 Safari/537.36"
::1 - - [18/Jul/2023:07:40:31 +0000] "POST /api/spisokList HTTP/1.1" 200 4809 "http://localhost:3333/action" "Mozilla/5.0 (Windows NT 10.0; Win64; x64) AppleWebKit/537.36 (KHTML, like Gecko) Chrome/114.0.0.0 Safari/537.36"
::1 - - [18/Jul/2023:07:40:31 +0000] "POST /api/spisokList HTTP/1.1" 200 6134 "http://localhost:3333/action" "Mozilla/5.0 (Windows NT 10.0; Win64; x64) AppleWebKit/537.36 (KHTML, like Gecko) Chrome/114.0.0.0 Safari/537.36"
::1 - - [18/Jul/2023:07:40:31 +0000] "POST /api/spisokList HTTP/1.1" 200 6318 "http://localhost:3333/action" "Mozilla/5.0 (Windows NT 10.0; Win64; x64) AppleWebKit/537.36 (KHTML, like Gecko) Chrome/114.0.0.0 Safari/537.36"
::1 - - [18/Jul/2023:07:40:31 +0000] "POST /api/sensorsName HTTP/1.1" 200 3453 "http://localhost:3333/action" "Mozilla/5.0 (Windows NT 10.0; Win64; x64) AppleWebKit/537.36 (KHTML, like Gecko) Chrome/114.0.0.0 Safari/537.36"
::1 - - [18/Jul/2023:07:40:31 +0000] "POST /api/sensorsName HTTP/1.1" 200 5366 "http://localhost:3333/action" "Mozilla/5.0 (Windows NT 10.0; Win64; x64) AppleWebKit/537.36 (KHTML, like Gecko) Chrome/114.0.0.0 Safari/537.36"
::1 - - [18/Jul/2023:07:40:31 +0000] "POST /api/sensorsName HTTP/1.1" 200 4618 "http://localhost:3333/action" "Mozilla/5.0 (Windows NT 10.0; Win64; x64) AppleWebKit/537.36 (KHTML, like Gecko) Chrome/114.0.0.0 Safari/537.36"
::1 - - [18/Jul/2023:07:40:31 +0000] "POST /api/sensorsName HTTP/1.1" 200 13377 "http://localhost:3333/action" "Mozilla/5.0 (Windows NT 10.0; Win64; x64) AppleWebKit/537.36 (KHTML, like Gecko) Chrome/114.0.0.0 Safari/537.36"
::1 - - [18/Jul/2023:07:40:31 +0000] "POST /api/sensorsName HTTP/1.1" 200 15425 "http://localhost:3333/action" "Mozilla/5.0 (Windows NT 10.0; Win64; x64) AppleWebKit/537.36 (KHTML, like Gecko) Chrome/114.0.0.0 Safari/537.36"
::1 - - [18/Jul/2023:07:40:31 +0000] "POST /api/sensorsName HTTP/1.1" 200 16913 "http://localhost:3333/action" "Mozilla/5.0 (Windows NT 10.0; Win64; x64) AppleWebKit/537.36 (KHTML, like Gecko) Chrome/114.0.0.0 Safari/537.36"
::ffff:94.229.102.58 - - [18/Jul/2023:07:40:31 +0000] "POST /api/spisokList HTTP/1.1" 200 5301 "http://cursor-gps.ru/action" "Mozilla/5.0 (Windows NT 10.0; Win64; x64; rv:109.0) Gecko/20100101 Firefox/115.0"
::ffff:94.229.102.58 - - [18/Jul/2023:07:40:31 +0000] "POST /api/spisokList HTTP/1.1" 200 6033 "http://cursor-gps.ru/action" "Mozilla/5.0 (Windows NT 10.0; Win64; x64; rv:109.0) Gecko/20100101 Firefox/115.0"
::ffff:94.229.102.58 - - [18/Jul/2023:07:40:31 +0000] "POST /api/spisokList HTTP/1.1" 200 5245 "http://cursor-gps.ru/action" "Mozilla/5.0 (Windows NT 10.0; Win64; x64; rv:109.0) Gecko/20100101 Firefox/115.0"
::ffff:94.229.102.58 - - [18/Jul/2023:07:40:31 +0000] "POST /api/spisokList HTTP/1.1" 200 2885 "http://cursor-gps.ru/action" "Mozilla/5.0 (Windows NT 10.0; Win64; x64; rv:109.0) Gecko/20100101 Firefox/115.0"
::ffff:94.229.102.58 - - [18/Jul/2023:07:40:31 +0000] "POST /api/spisokList HTTP/1.1" 200 1529 "http://cursor-gps.ru/action" "Mozilla/5.0 (Windows NT 10.0; Win64; x64; rv:109.0) Gecko/20100101 Firefox/115.0"
::1 - - [18/Jul/2023:07:40:31 +0000] "POST /api/sensorsName HTTP/1.1" 200 10735 "http://localhost:3333/action" "Mozilla/5.0 (Windows NT 10.0; Win64; x64) AppleWebKit/537.36 (KHTML, like Gecko) Chrome/114.0.0.0 Safari/537.36"
::1 - - [18/Jul/2023:07:40:31 +0000] "POST /api/sensorsName HTTP/1.1" 200 8884 "http://localhost:3333/action" "Mozilla/5.0 (Windows NT 10.0; Win64; x64) AppleWebKit/537.36 (KHTML, like Gecko) Chrome/114.0.0.0 Safari/537.36"
::1 - - [18/Jul/2023:07:40:31 +0000] "POST /api/sensorsName HTTP/1.1" 200 8830 "http://localhost:3333/action" "Mozilla/5.0 (Windows NT 10.0; Win64; x64) AppleWebKit/537.36 (KHTML, like Gecko) Chrome/114.0.0.0 Safari/537.36"
::ffff:94.229.102.58 - - [18/Jul/2023:07:40:31 +0000] "POST /api/spisokList HTTP/1.1" 200 5275 "http://cursor-gps.ru/action" "Mozilla/5.0 (Windows NT 10.0; Win64; x64; rv:109.0) Gecko/20100101 Firefox/115.0"
::ffff:94.229.102.58 - - [18/Jul/2023:07:40:31 +0000] "POST /api/spisokList HTTP/1.1" 200 4809 "http://cursor-gps.ru/action" "Mozilla/5.0 (Windows NT 10.0; Win64; x64; rv:109.0) Gecko/20100101 Firefox/115.0"
::ffff:94.229.102.58 - - [18/Jul/2023:07:40:31 +0000] "POST /api/spisokList HTTP/1.1" 200 6318 "http://cursor-gps.ru/action" "Mozilla/5.0 (Windows NT 10.0; Win64; x64; rv:109.0) Gecko/20100101 Firefox/115.0"
::ffff:94.229.102.58 - - [18/Jul/2023:07:40:31 +0000] "POST /api/spisokList HTTP/1.1" 200 6134 "http://cursor-gps.ru/action" "Mozilla/5.0 (Windows NT 10.0; Win64; x64; rv:109.0) Gecko/20100101 Firefox/115.0"
::1 - - [18/Jul/2023:07:40:31 +0000] "POST /api/lastSensors HTTP/1.1" 200 48 "http://localhost:3333/action" "Mozilla/5.0 (Windows NT 10.0; Win64; x64) AppleWebKit/537.36 (KHTML, like Gecko) Chrome/114.0.0.0 Safari/537.36"
::1 - - [18/Jul/2023:07:40:32 +0000] "POST /api/lastSensors HTTP/1.1" 200 344 "http://localhost:3333/action" "Mozilla/5.0 (Windows NT 10.0; Win64; x64) AppleWebKit/537.36 (KHTML, like Gecko) Chrome/114.0.0.0 Safari/537.36"
::1 - - [18/Jul/2023:07:40:32 +0000] "POST /api/lastSensors HTTP/1.1" 200 328 "http://localhost:3333/action" "Mozilla/5.0 (Windows NT 10.0; Win64; x64) AppleWebKit/537.36 (KHTML, like Gecko) Chrome/114.0.0.0 Safari/537.36"
::1 - - [18/Jul/2023:07:40:32 +0000] "POST /api/lastSensors HTTP/1.1" 200 571 "http://localhost:3333/action" "Mozilla/5.0 (Windows NT 10.0; Win64; x64) AppleWebKit/537.36 (KHTML, like Gecko) Chrome/114.0.0.0 Safari/537.36"
::ffff:94.229.102.58 - - [18/Jul/2023:07:40:32 +0000] "POST /api/sensorsName HTTP/1.1" 200 5366 "http://cursor-gps.ru/action" "Mozilla/5.0 (Windows NT 10.0; Win64; x64; rv:109.0) Gecko/20100101 Firefox/115.0"
::1 - - [18/Jul/2023:07:40:32 +0000] "POST /api/lastSensors HTTP/1.1" 200 569 "http://localhost:3333/action" "Mozilla/5.0 (Windows NT 10.0; Win64; x64) AppleWebKit/537.36 (KHTML, like Gecko) Chrome/114.0.0.0 Safari/537.36"
::ffff:94.229.102.58 - - [18/Jul/2023:07:40:32 +0000] "POST /api/sensorsName HTTP/1.1" 200 13377 "http://cursor-gps.ru/action" "Mozilla/5.0 (Windows NT 10.0; Win64; x64; rv:109.0) Gecko/20100101 Firefox/115.0"
::ffff:94.229.102.58 - - [18/Jul/2023:07:40:32 +0000] "POST /api/sensorsName HTTP/1.1" 200 4618 "http://cursor-gps.ru/action" "Mozilla/5.0 (Windows NT 10.0; Win64; x64; rv:109.0) Gecko/20100101 Firefox/115.0"
::ffff:94.229.102.58 - - [18/Jul/2023:07:40:32 +0000] "POST /api/sensorsName HTTP/1.1" 200 15425 "http://cursor-gps.ru/action" "Mozilla/5.0 (Windows NT 10.0; Win64; x64; rv:109.0) Gecko/20100101 Firefox/115.0"
::ffff:94.229.102.58 - - [18/Jul/2023:07:40:32 +0000] "POST /api/sensorsName HTTP/1.1" 200 16913 "http://cursor-gps.ru/action" "Mozilla/5.0 (Windows NT 10.0; Win64; x64; rv:109.0) Gecko/20100101 Firefox/115.0"
::1 - - [18/Jul/2023:07:40:32 +0000] "POST /api/lastSensors HTTP/1.1" 200 280 "http://localhost:3333/action" "Mozilla/5.0 (Windows NT 10.0; Win64; x64) AppleWebKit/537.36 (KHTML, like Gecko) Chrome/114.0.0.0 Safari/537.36"
::1 - - [18/Jul/2023:07:40:32 +0000] "POST /api/lastSensors HTTP/1.1" 200 475 "http://localhost:3333/action" "Mozilla/5.0 (Windows NT 10.0; Win64; x64) AppleWebKit/537.36 (KHTML, like Gecko) Chrome/114.0.0.0 Safari/537.36"
::ffff:94.229.102.58 - - [18/Jul/2023:07:40:32 +0000] "POST /api/sensorsName HTTP/1.1" 200 3453 "http://cursor-gps.ru/action" "Mozilla/5.0 (Windows NT 10.0; Win64; x64; rv:109.0) Gecko/20100101 Firefox/115.0"
::ffff:94.229.102.58 - - [18/Jul/2023:07:40:32 +0000] "POST /api/sensorsName HTTP/1.1" 200 10735 "http://cursor-gps.ru/action" "Mozilla/5.0 (Windows NT 10.0; Win64; x64; rv:109.0) Gecko/20100101 Firefox/115.0"
::ffff:94.229.102.58 - - [18/Jul/2023:07:40:32 +0000] "POST /api/sensorsName HTTP/1.1" 200 8884 "http://cursor-gps.ru/action" "Mozilla/5.0 (Windows NT 10.0; Win64; x64; rv:109.0) Gecko/20100101 Firefox/115.0"
::ffff:94.229.102.58 - - [18/Jul/2023:07:40:32 +0000] "POST /api/sensorsName HTTP/1.1" 200 8830 "http://cursor-gps.ru/action" "Mozilla/5.0 (Windows NT 10.0; Win64; x64; rv:109.0) Gecko/20100101 Firefox/115.0"
::ffff:94.229.102.58 - - [18/Jul/2023:07:40:32 +0000] "POST /api/lastSensors HTTP/1.1" 200 165 "http://cursor-gps.ru/action" "Mozilla/5.0 (Windows NT 10.0; Win64; x64; rv:109.0) Gecko/20100101 Firefox/115.0"
::ffff:94.229.102.58 - - [18/Jul/2023:07:40:32 +0000] "POST /api/lastSensors HTTP/1.1" 200 48 "http://cursor-gps.ru/action" "Mozilla/5.0 (Windows NT 10.0; Win64; x64; rv:109.0) Gecko/20100101 Firefox/115.0"
::ffff:94.229.102.58 - - [18/Jul/2023:07:40:32 +0000] "POST /api/lastSensors HTTP/1.1" 200 569 "http://cursor-gps.ru/action" "Mozilla/5.0 (Windows NT 10.0; Win64; x64; rv:109.0) Gecko/20100101 Firefox/115.0"
::ffff:94.229.102.58 - - [18/Jul/2023:07:40:32 +0000] "POST /api/lastSensors HTTP/1.1" 200 344 "http://cursor-gps.ru/action" "Mozilla/5.0 (Windows NT 10.0; Win64; x64; rv:109.0) Gecko/20100101 Firefox/115.0"
::ffff:94.229.102.58 - - [18/Jul/2023:07:40:32 +0000] "POST /api/lastSensors HTTP/1.1" 200 328 "http://cursor-gps.ru/action" "Mozilla/5.0 (Windows NT 10.0; Win64; x64; rv:109.0) Gecko/20100101 Firefox/115.0"
::ffff:94.229.102.58 - - [18/Jul/2023:07:40:32 +0000] "POST /api/lastSensors HTTP/1.1" 200 153 "http://cursor-gps.ru/action" "Mozilla/5.0 (Windows NT 10.0; Win64; x64; rv:109.0) Gecko/20100101 Firefox/115.0"
::ffff:94.229.102.58 - - [18/Jul/2023:07:40:32 +0000] "POST /api/lastSensors HTTP/1.1" 200 280 "http://cursor-gps.ru/action" "Mozilla/5.0 (Windows NT 10.0; Win64; x64; rv:109.0) Gecko/20100101 Firefox/115.0"
::ffff:94.229.102.58 - - [18/Jul/2023:07:40:32 +0000] "POST /api/lastSensors HTTP/1.1" 200 571 "http://cursor-gps.ru/action" "Mozilla/5.0 (Windows NT 10.0; Win64; x64; rv:109.0) Gecko/20100101 Firefox/115.0"
::ffff:94.229.102.58 - - [18/Jul/2023:07:40:32 +0000] "POST /api/lastSensors HTTP/1.1" 200 475 "http://cursor-gps.ru/action" "Mozilla/5.0 (Windows NT 10.0; Win64; x64; rv:109.0) Gecko/20100101 Firefox/115.0"
::1 - - [18/Jul/2023:07:40:34 +0000] "POST /api/lastSensors HTTP/1.1" 200 153 "http://localhost:3333/action" "Mozilla/5.0 (Windows NT 10.0; Win64; x64) AppleWebKit/537.36 (KHTML, like Gecko) Chrome/114.0.0.0 Safari/537.36"
::1 - - [18/Jul/2023:07:40:34 +0000] "POST /api/lastSensors HTTP/1.1" 200 165 "http://localhost:3333/action" "Mozilla/5.0 (Windows NT 10.0; Win64; x64) AppleWebKit/537.36 (KHTML, like Gecko) Chrome/114.0.0.0 Safari/537.36"
::1 - - [18/Jul/2023:07:41:31 +0000] "POST /api/spisokList HTTP/1.1" 200 5301 "http://localhost:3333/action" "Mozilla/5.0 (Windows NT 10.0; Win64; x64) AppleWebKit/537.36 (KHTML, like Gecko) Chrome/114.0.0.0 Safari/537.36"
::1 - - [18/Jul/2023:07:41:31 +0000] "POST /api/spisokList HTTP/1.1" 200 6027 "http://localhost:3333/action" "Mozilla/5.0 (Windows NT 10.0; Win64; x64) AppleWebKit/537.36 (KHTML, like Gecko) Chrome/114.0.0.0 Safari/537.36"
::1 - - [18/Jul/2023:07:41:31 +0000] "POST /api/spisokList HTTP/1.1" 200 5245 "http://localhost:3333/action" "Mozilla/5.0 (Windows NT 10.0; Win64; x64) AppleWebKit/537.36 (KHTML, like Gecko) Chrome/114.0.0.0 Safari/537.36"
::1 - - [18/Jul/2023:07:41:31 +0000] "POST /api/spisokList HTTP/1.1" 200 2882 "http://localhost:3333/action" "Mozilla/5.0 (Windows NT 10.0; Win64; x64) AppleWebKit/537.36 (KHTML, like Gecko) Chrome/114.0.0.0 Safari/537.36"
::1 - - [18/Jul/2023:07:41:31 +0000] "POST /api/spisokList HTTP/1.1" 200 1529 "http://localhost:3333/action" "Mozilla/5.0 (Windows NT 10.0; Win64; x64) AppleWebKit/537.36 (KHTML, like Gecko) Chrome/114.0.0.0 Safari/537.36"
::1 - - [18/Jul/2023:07:41:31 +0000] "POST /api/spisokList HTTP/1.1" 200 5275 "http://localhost:3333/action" "Mozilla/5.0 (Windows NT 10.0; Win64; x64) AppleWebKit/537.36 (KHTML, like Gecko) Chrome/114.0.0.0 Safari/537.36"
::1 - - [18/Jul/2023:07:41:31 +0000] "POST /api/spisokList HTTP/1.1" 200 4809 "http://localhost:3333/action" "Mozilla/5.0 (Windows NT 10.0; Win64; x64) AppleWebKit/537.36 (KHTML, like Gecko) Chrome/114.0.0.0 Safari/537.36"
::1 - - [18/Jul/2023:07:41:31 +0000] "POST /api/spisokList HTTP/1.1" 200 6135 "http://localhost:3333/action" "Mozilla/5.0 (Windows NT 10.0; Win64; x64) AppleWebKit/537.36 (KHTML, like Gecko) Chrome/114.0.0.0 Safari/537.36"
::1 - - [18/Jul/2023:07:41:31 +0000] "POST /api/spisokList HTTP/1.1" 200 6323 "http://localhost:3333/action" "Mozilla/5.0 (Windows NT 10.0; Win64; x64) AppleWebKit/537.36 (KHTML, like Gecko) Chrome/114.0.0.0 Safari/537.36"
::ffff:94.229.102.58 - - [18/Jul/2023:07:41:31 +0000] "POST /api/spisokList HTTP/1.1" 200 5301 "http://cursor-gps.ru/action" "Mozilla/5.0 (Windows NT 10.0; Win64; x64; rv:109.0) Gecko/20100101 Firefox/115.0"
::ffff:94.229.102.58 - - [18/Jul/2023:07:41:31 +0000] "POST /api/spisokList HTTP/1.1" 200 5245 "http://cursor-gps.ru/action" "Mozilla/5.0 (Windows NT 10.0; Win64; x64; rv:109.0) Gecko/20100101 Firefox/115.0"
::ffff:94.229.102.58 - - [18/Jul/2023:07:41:31 +0000] "POST /api/spisokList HTTP/1.1" 200 2882 "http://cursor-gps.ru/action" "Mozilla/5.0 (Windows NT 10.0; Win64; x64; rv:109.0) Gecko/20100101 Firefox/115.0"
::ffff:94.229.102.58 - - [18/Jul/2023:07:41:31 +0000] "POST /api/spisokList HTTP/1.1" 200 6027 "http://cursor-gps.ru/action" "Mozilla/5.0 (Windows NT 10.0; Win64; x64; rv:109.0) Gecko/20100101 Firefox/115.0"
::ffff:94.229.102.58 - - [18/Jul/2023:07:41:31 +0000] "POST /api/spisokList HTTP/1.1" 200 1529 "http://cursor-gps.ru/action" "Mozilla/5.0 (Windows NT 10.0; Win64; x64; rv:109.0) Gecko/20100101 Firefox/115.0"
::ffff:94.229.102.58 - - [18/Jul/2023:07:41:31 +0000] "POST /api/spisokList HTTP/1.1" 200 5275 "http://cursor-gps.ru/action" "Mozilla/5.0 (Windows NT 10.0; Win64; x64; rv:109.0) Gecko/20100101 Firefox/115.0"
::ffff:94.229.102.58 - - [18/Jul/2023:07:41:31 +0000] "POST /api/spisokList HTTP/1.1" 200 4809 "http://cursor-gps.ru/action" "Mozilla/5.0 (Windows NT 10.0; Win64; x64; rv:109.0) Gecko/20100101 Firefox/115.0"
::ffff:94.229.102.58 - - [18/Jul/2023:07:41:31 +0000] "POST /api/spisokList HTTP/1.1" 200 6323 "http://cursor-gps.ru/action" "Mozilla/5.0 (Windows NT 10.0; Win64; x64; rv:109.0) Gecko/20100101 Firefox/115.0"
::ffff:94.229.102.58 - - [18/Jul/2023:07:41:31 +0000] "POST /api/spisokList HTTP/1.1" 200 6135 "http://cursor-gps.ru/action" "Mozilla/5.0 (Windows NT 10.0; Win64; x64; rv:109.0) Gecko/20100101 Firefox/115.0"
::1 - - [18/Jul/2023:07:41:31 +0000] "POST /api/sensorsName HTTP/1.1" 200 3453 "http://localhost:3333/action" "Mozilla/5.0 (Windows NT 10.0; Win64; x64) AppleWebKit/537.36 (KHTML, like Gecko) Chrome/114.0.0.0 Safari/537.36"
::1 - - [18/Jul/2023:07:41:31 +0000] "POST /api/sensorsName HTTP/1.1" 200 4618 "http://localhost:3333/action" "Mozilla/5.0 (Windows NT 10.0; Win64; x64) AppleWebKit/537.36 (KHTML, like Gecko) Chrome/114.0.0.0 Safari/537.36"
::1 - - [18/Jul/2023:07:41:31 +0000] "POST /api/sensorsName HTTP/1.1" 200 5366 "http://localhost:3333/action" "Mozilla/5.0 (Windows NT 10.0; Win64; x64) AppleWebKit/537.36 (KHTML, like Gecko) Chrome/114.0.0.0 Safari/537.36"
::1 - - [18/Jul/2023:07:41:32 +0000] "POST /api/sensorsName HTTP/1.1" 200 15425 "http://localhost:3333/action" "Mozilla/5.0 (Windows NT 10.0; Win64; x64) AppleWebKit/537.36 (KHTML, like Gecko) Chrome/114.0.0.0 Safari/537.36"
::1 - - [18/Jul/2023:07:41:32 +0000] "POST /api/sensorsName HTTP/1.1" 200 13377 "http://localhost:3333/action" "Mozilla/5.0 (Windows NT 10.0; Win64; x64) AppleWebKit/537.36 (KHTML, like Gecko) Chrome/114.0.0.0 Safari/537.36"
::1 - - [18/Jul/2023:07:41:32 +0000] "POST /api/sensorsName HTTP/1.1" 200 16913 "http://localhost:3333/action" "Mozilla/5.0 (Windows NT 10.0; Win64; x64) AppleWebKit/537.36 (KHTML, like Gecko) Chrome/114.0.0.0 Safari/537.36"
::ffff:94.229.102.58 - - [18/Jul/2023:07:41:32 +0000] "POST /api/sensorsName HTTP/1.1" 200 15425 "http://cursor-gps.ru/action" "Mozilla/5.0 (Windows NT 10.0; Win64; x64; rv:109.0) Gecko/20100101 Firefox/115.0"
::ffff:94.229.102.58 - - [18/Jul/2023:07:41:32 +0000] "POST /api/sensorsName HTTP/1.1" 200 4618 "http://cursor-gps.ru/action" "Mozilla/5.0 (Windows NT 10.0; Win64; x64; rv:109.0) Gecko/20100101 Firefox/115.0"
::ffff:94.229.102.58 - - [18/Jul/2023:07:41:32 +0000] "POST /api/sensorsName HTTP/1.1" 200 8884 "http://cursor-gps.ru/action" "Mozilla/5.0 (Windows NT 10.0; Win64; x64; rv:109.0) Gecko/20100101 Firefox/115.0"
::1 - - [18/Jul/2023:07:41:32 +0000] "POST /api/sensorsName HTTP/1.1" 200 8884 "http://localhost:3333/action" "Mozilla/5.0 (Windows NT 10.0; Win64; x64) AppleWebKit/537.36 (KHTML, like Gecko) Chrome/114.0.0.0 Safari/537.36"
::ffff:94.229.102.58 - - [18/Jul/2023:07:41:32 +0000] "POST /api/sensorsName HTTP/1.1" 200 13377 "http://cursor-gps.ru/action" "Mozilla/5.0 (Windows NT 10.0; Win64; x64; rv:109.0) Gecko/20100101 Firefox/115.0"
::1 - - [18/Jul/2023:07:41:32 +0000] "POST /api/sensorsName HTTP/1.1" 200 10735 "http://localhost:3333/action" "Mozilla/5.0 (Windows NT 10.0; Win64; x64) AppleWebKit/537.36 (KHTML, like Gecko) Chrome/114.0.0.0 Safari/537.36"
::ffff:94.229.102.58 - - [18/Jul/2023:07:41:32 +0000] "POST /api/sensorsName HTTP/1.1" 200 16913 "http://cursor-gps.ru/action" "Mozilla/5.0 (Windows NT 10.0; Win64; x64; rv:109.0) Gecko/20100101 Firefox/115.0"
::1 - - [18/Jul/2023:07:41:32 +0000] "POST /api/lastSensors HTTP/1.1" 200 153 "http://localhost:3333/action" "Mozilla/5.0 (Windows NT 10.0; Win64; x64) AppleWebKit/537.36 (KHTML, like Gecko) Chrome/114.0.0.0 Safari/537.36"
::1 - - [18/Jul/2023:07:41:32 +0000] "POST /api/lastSensors HTTP/1.1" 200 165 "http://localhost:3333/action" "Mozilla/5.0 (Windows NT 10.0; Win64; x64) AppleWebKit/537.36 (KHTML, like Gecko) Chrome/114.0.0.0 Safari/537.36"
::1 - - [18/Jul/2023:07:41:32 +0000] "POST /api/lastSensors HTTP/1.1" 200 48 "http://localhost:3333/action" "Mozilla/5.0 (Windows NT 10.0; Win64; x64) AppleWebKit/537.36 (KHTML, like Gecko) Chrome/114.0.0.0 Safari/537.36"
::ffff:94.229.102.58 - - [18/Jul/2023:07:41:32 +0000] "POST /api/sensorsName HTTP/1.1" 200 10735 "http://cursor-gps.ru/action" "Mozilla/5.0 (Windows NT 10.0; Win64; x64; rv:109.0) Gecko/20100101 Firefox/115.0"
::ffff:94.229.102.58 - - [18/Jul/2023:07:41:32 +0000] "POST /api/sensorsName HTTP/1.1" 200 5366 "http://cursor-gps.ru/action" "Mozilla/5.0 (Windows NT 10.0; Win64; x64; rv:109.0) Gecko/20100101 Firefox/115.0"
::ffff:94.229.102.58 - - [18/Jul/2023:07:41:32 +0000] "POST /api/sensorsName HTTP/1.1" 200 8830 "http://cursor-gps.ru/action" "Mozilla/5.0 (Windows NT 10.0; Win64; x64; rv:109.0) Gecko/20100101 Firefox/115.0"
::1 - - [18/Jul/2023:07:41:32 +0000] "POST /api/lastSensors HTTP/1.1" 200 569 "http://localhost:3333/action" "Mozilla/5.0 (Windows NT 10.0; Win64; x64) AppleWebKit/537.36 (KHTML, like Gecko) Chrome/114.0.0.0 Safari/537.36"
::1 - - [18/Jul/2023:07:41:32 +0000] "POST /api/lastSensors HTTP/1.1" 200 349 "http://localhost:3333/action" "Mozilla/5.0 (Windows NT 10.0; Win64; x64) AppleWebKit/537.36 (KHTML, like Gecko) Chrome/114.0.0.0 Safari/537.36"
::1 - - [18/Jul/2023:07:41:32 +0000] "POST /api/lastSensors HTTP/1.1" 200 328 "http://localhost:3333/action" "Mozilla/5.0 (Windows NT 10.0; Win64; x64) AppleWebKit/537.36 (KHTML, like Gecko) Chrome/114.0.0.0 Safari/537.36"
::ffff:94.229.102.58 - - [18/Jul/2023:07:41:32 +0000] "POST /api/sensorsName HTTP/1.1" 200 3453 "http://cursor-gps.ru/action" "Mozilla/5.0 (Windows NT 10.0; Win64; x64; rv:109.0) Gecko/20100101 Firefox/115.0"
::ffff:94.229.102.58 - - [18/Jul/2023:07:41:32 +0000] "POST /api/lastSensors HTTP/1.1" 200 328 "http://cursor-gps.ru/action" "Mozilla/5.0 (Windows NT 10.0; Win64; x64; rv:109.0) Gecko/20100101 Firefox/115.0"
::1 - - [18/Jul/2023:07:41:32 +0000] "POST /api/lastSensors HTTP/1.1" 200 571 "http://localhost:3333/action" "Mozilla/5.0 (Windows NT 10.0; Win64; x64) AppleWebKit/537.36 (KHTML, like Gecko) Chrome/114.0.0.0 Safari/537.36"
::1 - - [18/Jul/2023:07:41:32 +0000] "POST /api/lastSensors HTTP/1.1" 200 280 "http://localhost:3333/action" "Mozilla/5.0 (Windows NT 10.0; Win64; x64) AppleWebKit/537.36 (KHTML, like Gecko) Chrome/114.0.0.0 Safari/537.36"
::1 - - [18/Jul/2023:07:41:32 +0000] "POST /api/sensorsName HTTP/1.1" 200 8830 "http://localhost:3333/action" "Mozilla/5.0 (Windows NT 10.0; Win64; x64) AppleWebKit/537.36 (KHTML, like Gecko) Chrome/114.0.0.0 Safari/537.36"
::ffff:94.229.102.58 - - [18/Jul/2023:07:41:32 +0000] "POST /api/lastSensors HTTP/1.1" 200 48 "http://cursor-gps.ru/action" "Mozilla/5.0 (Windows NT 10.0; Win64; x64; rv:109.0) Gecko/20100101 Firefox/115.0"
::ffff:94.229.102.58 - - [18/Jul/2023:07:41:32 +0000] "POST /api/lastSensors HTTP/1.1" 200 569 "http://cursor-gps.ru/action" "Mozilla/5.0 (Windows NT 10.0; Win64; x64; rv:109.0) Gecko/20100101 Firefox/115.0"
::ffff:94.229.102.58 - - [18/Jul/2023:07:41:32 +0000] "POST /api/lastSensors HTTP/1.1" 200 280 "http://cursor-gps.ru/action" "Mozilla/5.0 (Windows NT 10.0; Win64; x64; rv:109.0) Gecko/20100101 Firefox/115.0"
::ffff:94.229.102.58 - - [18/Jul/2023:07:41:32 +0000] "POST /api/lastSensors HTTP/1.1" 200 571 "http://cursor-gps.ru/action" "Mozilla/5.0 (Windows NT 10.0; Win64; x64; rv:109.0) Gecko/20100101 Firefox/115.0"
::ffff:94.229.102.58 - - [18/Jul/2023:07:41:32 +0000] "POST /api/lastSensors HTTP/1.1" 200 349 "http://cursor-gps.ru/action" "Mozilla/5.0 (Windows NT 10.0; Win64; x64; rv:109.0) Gecko/20100101 Firefox/115.0"
::1 - - [18/Jul/2023:07:41:32 +0000] "POST /api/lastSensors HTTP/1.1" 200 475 "http://localhost:3333/action" "Mozilla/5.0 (Windows NT 10.0; Win64; x64) AppleWebKit/537.36 (KHTML, like Gecko) Chrome/114.0.0.0 Safari/537.36"
::ffff:94.229.102.58 - - [18/Jul/2023:07:41:32 +0000] "POST /api/lastSensors HTTP/1.1" 200 165 "http://cursor-gps.ru/action" "Mozilla/5.0 (Windows NT 10.0; Win64; x64; rv:109.0) Gecko/20100101 Firefox/115.0"
::ffff:94.229.102.58 - - [18/Jul/2023:07:41:32 +0000] "POST /api/lastSensors HTTP/1.1" 200 153 "http://cursor-gps.ru/action" "Mozilla/5.0 (Windows NT 10.0; Win64; x64; rv:109.0) Gecko/20100101 Firefox/115.0"
::ffff:94.229.102.58 - - [18/Jul/2023:07:41:32 +0000] "POST /api/lastSensors HTTP/1.1" 200 475 "http://cursor-gps.ru/action" "Mozilla/5.0 (Windows NT 10.0; Win64; x64; rv:109.0) Gecko/20100101 Firefox/115.0"
::1 - - [18/Jul/2023:07:42:14 +0000] "GET /image/icon_min.png HTTP/1.1" 304 - "http://localhost:3333/css/style.css" "Mozilla/5.0 (Windows NT 10.0; Win64; x64) AppleWebKit/537.36 (KHTML, like Gecko) Chrome/114.0.0.0 Safari/537.36"
::1 - - [18/Jul/2023:07:42:15 +0000] "POST /api/modelView HTTP/1.1" 200 824 "http://localhost:3333/action" "Mozilla/5.0 (Windows NT 10.0; Win64; x64) AppleWebKit/537.36 (KHTML, like Gecko) Chrome/114.0.0.0 Safari/537.36"
::1 - - [18/Jul/2023:07:42:15 +0000] "POST /api/tyresView HTTP/1.1" 200 1009 "http://localhost:3333/action" "Mozilla/5.0 (Windows NT 10.0; Win64; x64) AppleWebKit/537.36 (KHTML, like Gecko) Chrome/114.0.0.0 Safari/537.36"
::1 - - [18/Jul/2023:07:42:15 +0000] "POST /api/iconFind HTTP/1.1" 200 550 "http://localhost:3333/action" "Mozilla/5.0 (Windows NT 10.0; Win64; x64) AppleWebKit/537.36 (KHTML, like Gecko) Chrome/114.0.0.0 Safari/537.36"
::1 - - [18/Jul/2023:07:42:15 +0000] "GET /image/0000.png HTTP/1.1" 304 - "http://localhost:3333/css/style.css" "Mozilla/5.0 (Windows NT 10.0; Win64; x64) AppleWebKit/537.36 (KHTML, like Gecko) Chrome/114.0.0.0 Safari/537.36"
::1 - - [18/Jul/2023:07:42:15 +0000] "POST /api/wialon HTTP/1.1" 200 13417 "http://localhost:3333/action" "Mozilla/5.0 (Windows NT 10.0; Win64; x64) AppleWebKit/537.36 (KHTML, like Gecko) Chrome/114.0.0.0 Safari/537.36"
::1 - - [18/Jul/2023:07:42:15 +0000] "POST /api/iconFind HTTP/1.1" 200 550 "http://localhost:3333/action" "Mozilla/5.0 (Windows NT 10.0; Win64; x64) AppleWebKit/537.36 (KHTML, like Gecko) Chrome/114.0.0.0 Safari/537.36"
::1 - - [18/Jul/2023:07:42:15 +0000] "POST /api/wialon HTTP/1.1" 200 13417 "http://localhost:3333/action" "Mozilla/5.0 (Windows NT 10.0; Win64; x64) AppleWebKit/537.36 (KHTML, like Gecko) Chrome/114.0.0.0 Safari/537.36"
::1 - - [18/Jul/2023:07:42:15 +0000] "POST /api/barView HTTP/1.1" 200 857 "http://localhost:3333/action" "Mozilla/5.0 (Windows NT 10.0; Win64; x64) AppleWebKit/537.36 (KHTML, like Gecko) Chrome/114.0.0.0 Safari/537.36"
::1 - - [18/Jul/2023:07:42:15 +0000] "POST /api/parametrs HTTP/1.1" 200 1135 "http://localhost:3333/action" "Mozilla/5.0 (Windows NT 10.0; Win64; x64) AppleWebKit/537.36 (KHTML, like Gecko) Chrome/114.0.0.0 Safari/537.36"
::1 - - [18/Jul/2023:07:42:15 +0000] "POST /api/sensorsName HTTP/1.1" 200 10735 "http://localhost:3333/action" "Mozilla/5.0 (Windows NT 10.0; Win64; x64) AppleWebKit/537.36 (KHTML, like Gecko) Chrome/114.0.0.0 Safari/537.36"
::1 - - [18/Jul/2023:07:42:15 +0000] "POST /api/sensorsName HTTP/1.1" 200 10735 "http://localhost:3333/action" "Mozilla/5.0 (Windows NT 10.0; Win64; x64) AppleWebKit/537.36 (KHTML, like Gecko) Chrome/114.0.0.0 Safari/537.36"
::1 - - [18/Jul/2023:07:42:15 +0000] "POST /api/lastSensors HTTP/1.1" 200 571 "http://localhost:3333/action" "Mozilla/5.0 (Windows NT 10.0; Win64; x64) AppleWebKit/537.36 (KHTML, like Gecko) Chrome/114.0.0.0 Safari/537.36"
::1 - - [18/Jul/2023:07:42:15 +0000] "POST /api/lastSensors HTTP/1.1" 200 571 "http://localhost:3333/action" "Mozilla/5.0 (Windows NT 10.0; Win64; x64) AppleWebKit/537.36 (KHTML, like Gecko) Chrome/114.0.0.0 Safari/537.36"
::1 - - [18/Jul/2023:07:42:15 +0000] "POST /api/sensorsName HTTP/1.1" 200 10735 "http://localhost:3333/action" "Mozilla/5.0 (Windows NT 10.0; Win64; x64) AppleWebKit/537.36 (KHTML, like Gecko) Chrome/114.0.0.0 Safari/537.36"
::1 - - [18/Jul/2023:07:42:15 +0000] "POST /api/viewStatus HTTP/1.1" 200 150 "http://localhost:3333/action" "Mozilla/5.0 (Windows NT 10.0; Win64; x64) AppleWebKit/537.36 (KHTML, like Gecko) Chrome/114.0.0.0 Safari/537.36"
::1 - - [18/Jul/2023:07:42:15 +0000] "POST /api/tyresView HTTP/1.1" 200 1009 "http://localhost:3333/action" "Mozilla/5.0 (Windows NT 10.0; Win64; x64) AppleWebKit/537.36 (KHTML, like Gecko) Chrome/114.0.0.0 Safari/537.36"
::1 - - [18/Jul/2023:07:42:15 +0000] "POST /api/alarmFind HTTP/1.1" 200 1041 "http://localhost:3333/action" "Mozilla/5.0 (Windows NT 10.0; Win64; x64) AppleWebKit/537.36 (KHTML, like Gecko) Chrome/114.0.0.0 Safari/537.36"
::1 - - [18/Jul/2023:07:42:15 +0000] "POST /api/alarmFind HTTP/1.1" 200 807 "http://localhost:3333/action" "Mozilla/5.0 (Windows NT 10.0; Win64; x64) AppleWebKit/537.36 (KHTML, like Gecko) Chrome/114.0.0.0 Safari/537.36"
::1 - - [18/Jul/2023:07:42:15 +0000] "POST /api/alarmFind HTTP/1.1" 200 261 "http://localhost:3333/action" "Mozilla/5.0 (Windows NT 10.0; Win64; x64) AppleWebKit/537.36 (KHTML, like Gecko) Chrome/114.0.0.0 Safari/537.36"
::1 - - [18/Jul/2023:07:42:15 +0000] "POST /api/alarmFind HTTP/1.1" 200 858 "http://localhost:3333/action" "Mozilla/5.0 (Windows NT 10.0; Win64; x64) AppleWebKit/537.36 (KHTML, like Gecko) Chrome/114.0.0.0 Safari/537.36"
::1 - - [18/Jul/2023:07:42:15 +0000] "POST /api/alarmFind HTTP/1.1" 200 247 "http://localhost:3333/action" "Mozilla/5.0 (Windows NT 10.0; Win64; x64) AppleWebKit/537.36 (KHTML, like Gecko) Chrome/114.0.0.0 Safari/537.36"
::1 - - [18/Jul/2023:07:42:15 +0000] "POST /api/alarmFind HTTP/1.1" 200 985 "http://localhost:3333/action" "Mozilla/5.0 (Windows NT 10.0; Win64; x64) AppleWebKit/537.36 (KHTML, like Gecko) Chrome/114.0.0.0 Safari/537.36"
::1 - - [18/Jul/2023:07:42:15 +0000] "POST /api/alarmFind HTTP/1.1" 200 11918 "http://localhost:3333/action" "Mozilla/5.0 (Windows NT 10.0; Win64; x64) AppleWebKit/537.36 (KHTML, like Gecko) Chrome/114.0.0.0 Safari/537.36"
::1 - - [18/Jul/2023:07:42:15 +0000] "POST /api/alarmFind HTTP/1.1" 200 243 "http://localhost:3333/action" "Mozilla/5.0 (Windows NT 10.0; Win64; x64) AppleWebKit/537.36 (KHTML, like Gecko) Chrome/114.0.0.0 Safari/537.36"
::1 - - [18/Jul/2023:07:42:15 +0000] "POST /api/alarmFind HTTP/1.1" 200 2 "http://localhost:3333/action" "Mozilla/5.0 (Windows NT 10.0; Win64; x64) AppleWebKit/537.36 (KHTML, like Gecko) Chrome/114.0.0.0 Safari/537.36"
::1 - - [18/Jul/2023:07:42:15 +0000] "POST /api/alarmFind HTTP/1.1" 200 2 "http://localhost:3333/action" "Mozilla/5.0 (Windows NT 10.0; Win64; x64) AppleWebKit/537.36 (KHTML, like Gecko) Chrome/114.0.0.0 Safari/537.36"
::1 - - [18/Jul/2023:07:42:15 +0000] "POST /api/alarmFind HTTP/1.1" 200 653 "http://localhost:3333/action" "Mozilla/5.0 (Windows NT 10.0; Win64; x64) AppleWebKit/537.36 (KHTML, like Gecko) Chrome/114.0.0.0 Safari/537.36"
::1 - - [18/Jul/2023:07:42:15 +0000] "POST /api/alarmFind HTTP/1.1" 200 1712 "http://localhost:3333/action" "Mozilla/5.0 (Windows NT 10.0; Win64; x64) AppleWebKit/537.36 (KHTML, like Gecko) Chrome/114.0.0.0 Safari/537.36"
::1 - - [18/Jul/2023:07:42:15 +0000] "POST /api/listTyresId HTTP/1.1" 200 7585 "http://localhost:3333/action" "Mozilla/5.0 (Windows NT 10.0; Win64; x64) AppleWebKit/537.36 (KHTML, like Gecko) Chrome/114.0.0.0 Safari/537.36"
::1 - - [18/Jul/2023:07:42:15 +0000] "POST /api/tarirView HTTP/1.1" 200 255 "http://localhost:3333/action" "Mozilla/5.0 (Windows NT 10.0; Win64; x64) AppleWebKit/537.36 (KHTML, like Gecko) Chrome/114.0.0.0 Safari/537.36"
::1 - - [18/Jul/2023:07:42:15 +0000] "POST /api/wialon HTTP/1.1" 200 13417 "http://localhost:3333/action" "Mozilla/5.0 (Windows NT 10.0; Win64; x64) AppleWebKit/537.36 (KHTML, like Gecko) Chrome/114.0.0.0 Safari/537.36"
::1 - - [18/Jul/2023:07:42:15 +0000] "POST /api/iconFind HTTP/1.1" 200 550 "http://localhost:3333/action" "Mozilla/5.0 (Windows NT 10.0; Win64; x64) AppleWebKit/537.36 (KHTML, like Gecko) Chrome/114.0.0.0 Safari/537.36"
::1 - - [18/Jul/2023:07:42:15 +0000] "POST /api/lastSensors HTTP/1.1" 200 571 "http://localhost:3333/action" "Mozilla/5.0 (Windows NT 10.0; Win64; x64) AppleWebKit/537.36 (KHTML, like Gecko) Chrome/114.0.0.0 Safari/537.36"
::1 - - [18/Jul/2023:07:42:15 +0000] "POST /api/parametrs HTTP/1.1" 200 1135 "http://localhost:3333/action" "Mozilla/5.0 (Windows NT 10.0; Win64; x64) AppleWebKit/537.36 (KHTML, like Gecko) Chrome/114.0.0.0 Safari/537.36"
::1 - - [18/Jul/2023:07:42:16 +0000] "POST /api/geoloc HTTP/1.1" 200 19599 "http://localhost:3333/action" "Mozilla/5.0 (Windows NT 10.0; Win64; x64) AppleWebKit/537.36 (KHTML, like Gecko) Chrome/114.0.0.0 Safari/537.36"
::1 - - [18/Jul/2023:07:42:16 +0000] "GET /image/iconCar2.png HTTP/1.1" 304 - "http://localhost:3333/action" "Mozilla/5.0 (Windows NT 10.0; Win64; x64) AppleWebKit/537.36 (KHTML, like Gecko) Chrome/114.0.0.0 Safari/537.36"
::1 - - [18/Jul/2023:07:42:16 +0000] "POST /api/sensorsName HTTP/1.1" 200 10735 "http://localhost:3333/action" "Mozilla/5.0 (Windows NT 10.0; Win64; x64) AppleWebKit/537.36 (KHTML, like Gecko) Chrome/114.0.0.0 Safari/537.36"
::1 - - [18/Jul/2023:07:42:17 +0000] "POST /api/tyresView HTTP/1.1" 200 1009 "http://localhost:3333/action" "Mozilla/5.0 (Windows NT 10.0; Win64; x64) AppleWebKit/537.36 (KHTML, like Gecko) Chrome/114.0.0.0 Safari/537.36"
::1 - - [18/Jul/2023:07:42:17 +0000] "POST /api/barView HTTP/1.1" 200 857 "http://localhost:3333/action" "Mozilla/5.0 (Windows NT 10.0; Win64; x64) AppleWebKit/537.36 (KHTML, like Gecko) Chrome/114.0.0.0 Safari/537.36"
::1 - - [18/Jul/2023:07:42:17 +0000] "POST /api/lastSensors HTTP/1.1" 200 571 "http://localhost:3333/action" "Mozilla/5.0 (Windows NT 10.0; Win64; x64) AppleWebKit/537.36 (KHTML, like Gecko) Chrome/114.0.0.0 Safari/537.36"
::1 - - [18/Jul/2023:07:42:18 +0000] "POST /api/viewChart HTTP/1.1" 200 10079772 "http://localhost:3333/action" "Mozilla/5.0 (Windows NT 10.0; Win64; x64) AppleWebKit/537.36 (KHTML, like Gecko) Chrome/114.0.0.0 Safari/537.36"
::1 - - [18/Jul/2023:07:42:18 +0000] "POST /api/viewChart HTTP/1.1" 200 10079772 "http://localhost:3333/action" "Mozilla/5.0 (Windows NT 10.0; Win64; x64) AppleWebKit/537.36 (KHTML, like Gecko) Chrome/114.0.0.0 Safari/537.36"
::1 - - [18/Jul/2023:07:42:18 +0000] "POST /api/sensorsName HTTP/1.1" 200 10735 "http://localhost:3333/action" "Mozilla/5.0 (Windows NT 10.0; Win64; x64) AppleWebKit/537.36 (KHTML, like Gecko) Chrome/114.0.0.0 Safari/537.36"
::1 - - [18/Jul/2023:07:42:18 +0000] "POST /api/modelView HTTP/1.1" 200 824 "http://localhost:3333/action" "Mozilla/5.0 (Windows NT 10.0; Win64; x64) AppleWebKit/537.36 (KHTML, like Gecko) Chrome/114.0.0.0 Safari/537.36"
::1 - - [18/Jul/2023:07:42:19 +0000] "POST /api/viewChart HTTP/1.1" 200 10079772 "http://localhost:3333/action" "Mozilla/5.0 (Windows NT 10.0; Win64; x64) AppleWebKit/537.36 (KHTML, like Gecko) Chrome/114.0.0.0 Safari/537.36"
::1 - - [18/Jul/2023:07:42:19 +0000] "POST /api/modelView HTTP/1.1" 200 824 "http://localhost:3333/action" "Mozilla/5.0 (Windows NT 10.0; Win64; x64) AppleWebKit/537.36 (KHTML, like Gecko) Chrome/114.0.0.0 Safari/537.36"
::1 - - [18/Jul/2023:07:42:20 +0000] "POST /api/modelView HTTP/1.1" 200 824 "http://localhost:3333/action" "Mozilla/5.0 (Windows NT 10.0; Win64; x64) AppleWebKit/537.36 (KHTML, like Gecko) Chrome/114.0.0.0 Safari/537.36"
::1 - - [18/Jul/2023:07:42:31 +0000] "POST /api/spisokList HTTP/1.1" 200 5245 "http://localhost:3333/action" "Mozilla/5.0 (Windows NT 10.0; Win64; x64) AppleWebKit/537.36 (KHTML, like Gecko) Chrome/114.0.0.0 Safari/537.36"
::1 - - [18/Jul/2023:07:42:31 +0000] "POST /api/spisokList HTTP/1.1" 200 2882 "http://localhost:3333/action" "Mozilla/5.0 (Windows NT 10.0; Win64; x64) AppleWebKit/537.36 (KHTML, like Gecko) Chrome/114.0.0.0 Safari/537.36"
::1 - - [18/Jul/2023:07:42:31 +0000] "POST /api/spisokList HTTP/1.1" 200 5275 "http://localhost:3333/action" "Mozilla/5.0 (Windows NT 10.0; Win64; x64) AppleWebKit/537.36 (KHTML, like Gecko) Chrome/114.0.0.0 Safari/537.36"
::1 - - [18/Jul/2023:07:42:31 +0000] "POST /api/spisokList HTTP/1.1" 200 1529 "http://localhost:3333/action" "Mozilla/5.0 (Windows NT 10.0; Win64; x64) AppleWebKit/537.36 (KHTML, like Gecko) Chrome/114.0.0.0 Safari/537.36"
::1 - - [18/Jul/2023:07:42:31 +0000] "POST /api/spisokList HTTP/1.1" 200 5301 "http://localhost:3333/action" "Mozilla/5.0 (Windows NT 10.0; Win64; x64) AppleWebKit/537.36 (KHTML, like Gecko) Chrome/114.0.0.0 Safari/537.36"
::1 - - [18/Jul/2023:07:42:31 +0000] "POST /api/spisokList HTTP/1.1" 200 6027 "http://localhost:3333/action" "Mozilla/5.0 (Windows NT 10.0; Win64; x64) AppleWebKit/537.36 (KHTML, like Gecko) Chrome/114.0.0.0 Safari/537.36"
::1 - - [18/Jul/2023:07:42:31 +0000] "POST /api/spisokList HTTP/1.1" 200 6323 "http://localhost:3333/action" "Mozilla/5.0 (Windows NT 10.0; Win64; x64) AppleWebKit/537.36 (KHTML, like Gecko) Chrome/114.0.0.0 Safari/537.36"
::1 - - [18/Jul/2023:07:42:31 +0000] "POST /api/spisokList HTTP/1.1" 200 4809 "http://localhost:3333/action" "Mozilla/5.0 (Windows NT 10.0; Win64; x64) AppleWebKit/537.36 (KHTML, like Gecko) Chrome/114.0.0.0 Safari/537.36"
::1 - - [18/Jul/2023:07:42:31 +0000] "POST /api/spisokList HTTP/1.1" 200 6135 "http://localhost:3333/action" "Mozilla/5.0 (Windows NT 10.0; Win64; x64) AppleWebKit/537.36 (KHTML, like Gecko) Chrome/114.0.0.0 Safari/537.36"
::1 - - [18/Jul/2023:07:42:31 +0000] "POST /api/sensorsName HTTP/1.1" 200 5366 "http://localhost:3333/action" "Mozilla/5.0 (Windows NT 10.0; Win64; x64) AppleWebKit/537.36 (KHTML, like Gecko) Chrome/114.0.0.0 Safari/537.36"
::1 - - [18/Jul/2023:07:42:31 +0000] "POST /api/sensorsName HTTP/1.1" 200 3453 "http://localhost:3333/action" "Mozilla/5.0 (Windows NT 10.0; Win64; x64) AppleWebKit/537.36 (KHTML, like Gecko) Chrome/114.0.0.0 Safari/537.36"
::1 - - [18/Jul/2023:07:42:31 +0000] "POST /api/sensorsName HTTP/1.1" 200 4618 "http://localhost:3333/action" "Mozilla/5.0 (Windows NT 10.0; Win64; x64) AppleWebKit/537.36 (KHTML, like Gecko) Chrome/114.0.0.0 Safari/537.36"
::1 - - [18/Jul/2023:07:42:31 +0000] "POST /api/sensorsName HTTP/1.1" 200 16913 "http://localhost:3333/action" "Mozilla/5.0 (Windows NT 10.0; Win64; x64) AppleWebKit/537.36 (KHTML, like Gecko) Chrome/114.0.0.0 Safari/537.36"
::1 - - [18/Jul/2023:07:42:31 +0000] "POST /api/sensorsName HTTP/1.1" 200 13377 "http://localhost:3333/action" "Mozilla/5.0 (Windows NT 10.0; Win64; x64) AppleWebKit/537.36 (KHTML, like Gecko) Chrome/114.0.0.0 Safari/537.36"
::1 - - [18/Jul/2023:07:42:31 +0000] "POST /api/sensorsName HTTP/1.1" 200 15425 "http://localhost:3333/action" "Mozilla/5.0 (Windows NT 10.0; Win64; x64) AppleWebKit/537.36 (KHTML, like Gecko) Chrome/114.0.0.0 Safari/537.36"
::1 - - [18/Jul/2023:07:42:31 +0000] "POST /api/sensorsName HTTP/1.1" 200 8884 "http://localhost:3333/action" "Mozilla/5.0 (Windows NT 10.0; Win64; x64) AppleWebKit/537.36 (KHTML, like Gecko) Chrome/114.0.0.0 Safari/537.36"
::1 - - [18/Jul/2023:07:42:31 +0000] "POST /api/sensorsName HTTP/1.1" 200 10735 "http://localhost:3333/action" "Mozilla/5.0 (Windows NT 10.0; Win64; x64) AppleWebKit/537.36 (KHTML, like Gecko) Chrome/114.0.0.0 Safari/537.36"
::ffff:94.229.102.58 - - [18/Jul/2023:07:42:31 +0000] "POST /api/spisokList HTTP/1.1" 200 5301 "http://cursor-gps.ru/action" "Mozilla/5.0 (Windows NT 10.0; Win64; x64; rv:109.0) Gecko/20100101 Firefox/115.0"
::ffff:94.229.102.58 - - [18/Jul/2023:07:42:31 +0000] "POST /api/spisokList HTTP/1.1" 200 6027 "http://cursor-gps.ru/action" "Mozilla/5.0 (Windows NT 10.0; Win64; x64; rv:109.0) Gecko/20100101 Firefox/115.0"
::ffff:94.229.102.58 - - [18/Jul/2023:07:42:31 +0000] "POST /api/spisokList HTTP/1.1" 200 2882 "http://cursor-gps.ru/action" "Mozilla/5.0 (Windows NT 10.0; Win64; x64; rv:109.0) Gecko/20100101 Firefox/115.0"
::ffff:94.229.102.58 - - [18/Jul/2023:07:42:31 +0000] "POST /api/spisokList HTTP/1.1" 200 5245 "http://cursor-gps.ru/action" "Mozilla/5.0 (Windows NT 10.0; Win64; x64; rv:109.0) Gecko/20100101 Firefox/115.0"
::ffff:94.229.102.58 - - [18/Jul/2023:07:42:31 +0000] "POST /api/spisokList HTTP/1.1" 200 1529 "http://cursor-gps.ru/action" "Mozilla/5.0 (Windows NT 10.0; Win64; x64; rv:109.0) Gecko/20100101 Firefox/115.0"
::1 - - [18/Jul/2023:07:42:31 +0000] "POST /api/sensorsName HTTP/1.1" 200 8830 "http://localhost:3333/action" "Mozilla/5.0 (Windows NT 10.0; Win64; x64) AppleWebKit/537.36 (KHTML, like Gecko) Chrome/114.0.0.0 Safari/537.36"
::ffff:94.229.102.58 - - [18/Jul/2023:07:42:31 +0000] "POST /api/spisokList HTTP/1.1" 200 5275 "http://cursor-gps.ru/action" "Mozilla/5.0 (Windows NT 10.0; Win64; x64; rv:109.0) Gecko/20100101 Firefox/115.0"
::ffff:94.229.102.58 - - [18/Jul/2023:07:42:31 +0000] "POST /api/spisokList HTTP/1.1" 200 4809 "http://cursor-gps.ru/action" "Mozilla/5.0 (Windows NT 10.0; Win64; x64; rv:109.0) Gecko/20100101 Firefox/115.0"
::ffff:94.229.102.58 - - [18/Jul/2023:07:42:31 +0000] "POST /api/spisokList HTTP/1.1" 200 6135 "http://cursor-gps.ru/action" "Mozilla/5.0 (Windows NT 10.0; Win64; x64; rv:109.0) Gecko/20100101 Firefox/115.0"
::1 - - [18/Jul/2023:07:42:31 +0000] "POST /api/lastSensors HTTP/1.1" 200 165 "http://localhost:3333/action" "Mozilla/5.0 (Windows NT 10.0; Win64; x64) AppleWebKit/537.36 (KHTML, like Gecko) Chrome/114.0.0.0 Safari/537.36"
::ffff:94.229.102.58 - - [18/Jul/2023:07:42:31 +0000] "POST /api/spisokList HTTP/1.1" 200 6323 "http://cursor-gps.ru/action" "Mozilla/5.0 (Windows NT 10.0; Win64; x64; rv:109.0) Gecko/20100101 Firefox/115.0"
