::1 - - [18/Jul/2023:07:37:31 +0000] "GET /js/modules/geo.js HTTP/1.1" 304 - "http://localhost:3333/js/modules/event.js" "Mozilla/5.0 (Windows NT 10.0; Win64; x64) AppleWebKit/537.36 (KHTML, like Gecko) Chrome/114.0.0.0 Safari/537.36"
::1 - - [18/Jul/2023:07:37:31 +0000] "GET /js/modules/protector.js HTTP/1.1" 304 - "http://localhost:3333/js/modules/event.js" "Mozilla/5.0 (Windows NT 10.0; Win64; x64) AppleWebKit/537.36 (KHTML, like Gecko) Chrome/114.0.0.0 Safari/537.36"
::1 - - [18/Jul/2023:07:37:31 +0000] "GET /js/modules/saveBaseId.js HTTP/1.1" 304 - "http://localhost:3333/js/modules/event.js" "Mozilla/5.0 (Windows NT 10.0; Win64; x64) AppleWebKit/537.36 (KHTML, like Gecko) Chrome/114.0.0.0 Safari/537.36"
::1 - - [18/Jul/2023:07:37:31 +0000] "GET /js/modules/rotate.js HTTP/1.1" 304 - "http://localhost:3333/js/modules/event.js" "Mozilla/5.0 (Windows NT 10.0; Win64; x64) AppleWebKit/537.36 (KHTML, like Gecko) Chrome/114.0.0.0 Safari/537.36"
::1 - - [18/Jul/2023:07:37:31 +0000] "GET /js/modules/configIcons.js HTTP/1.1" 304 - "http://localhost:3333/js/modules/event.js" "Mozilla/5.0 (Windows NT 10.0; Win64; x64) AppleWebKit/537.36 (KHTML, like Gecko) Chrome/114.0.0.0 Safari/537.36"
::1 - - [18/Jul/2023:07:37:31 +0000] "GET /js/modules/graf.js HTTP/1.1" 304 - "http://localhost:3333/js/modules/event.js" "Mozilla/5.0 (Windows NT 10.0; Win64; x64) AppleWebKit/537.36 (KHTML, like Gecko) Chrome/114.0.0.0 Safari/537.36"
::1 - - [18/Jul/2023:07:37:31 +0000] "GET /js/modules/helpersFunc.js HTTP/1.1" 304 - "http://localhost:3333/js/modules/event.js" "Mozilla/5.0 (Windows NT 10.0; Win64; x64) AppleWebKit/537.36 (KHTML, like Gecko) Chrome/114.0.0.0 Safari/537.36"
::1 - - [18/Jul/2023:07:37:31 +0000] "GET /js/class/Dragdown.js HTTP/1.1" 304 - "http://localhost:3333/js/modules/event.js" "Mozilla/5.0 (Windows NT 10.0; Win64; x64) AppleWebKit/537.36 (KHTML, like Gecko) Chrome/114.0.0.0 Safari/537.36"
::1 - - [18/Jul/2023:07:37:31 +0000] "GET /js/modules/charts/protek.js HTTP/1.1" 304 - "http://localhost:3333/js/modules/event.js" "Mozilla/5.0 (Windows NT 10.0; Win64; x64) AppleWebKit/537.36 (KHTML, like Gecko) Chrome/114.0.0.0 Safari/537.36"
::1 - - [18/Jul/2023:07:37:31 +0000] "GET /js/modules/charts/stat.js HTTP/1.1" 304 - "http://localhost:3333/js/modules/event.js" "Mozilla/5.0 (Windows NT 10.0; Win64; x64) AppleWebKit/537.36 (KHTML, like Gecko) Chrome/114.0.0.0 Safari/537.36"
::1 - - [18/Jul/2023:07:37:31 +0000] "GET /js/modules/altConfig.js HTTP/1.1" 304 - "http://localhost:3333/js/modules/event.js" "Mozilla/5.0 (Windows NT 10.0; Win64; x64) AppleWebKit/537.36 (KHTML, like Gecko) Chrome/114.0.0.0 Safari/537.36"
::1 - - [18/Jul/2023:07:37:31 +0000] "GET /js/modules/tech.js HTTP/1.1" 304 - "http://localhost:3333/js/modules/event.js" "Mozilla/5.0 (Windows NT 10.0; Win64; x64) AppleWebKit/537.36 (KHTML, like Gecko) Chrome/114.0.0.0 Safari/537.36"
::1 - - [18/Jul/2023:07:37:31 +0000] "GET /js/modules/paramsTyresView.js HTTP/1.1" 304 - "http://localhost:3333/js/modules/visual.js" "Mozilla/5.0 (Windows NT 10.0; Win64; x64) AppleWebKit/537.36 (KHTML, like Gecko) Chrome/114.0.0.0 Safari/537.36"
::1 - - [18/Jul/2023:07:37:31 +0000] "GET /js/modules/status.js HTTP/1.1" 304 - "http://localhost:3333/js/modules/visual.js" "Mozilla/5.0 (Windows NT 10.0; Win64; x64) AppleWebKit/537.36 (KHTML, like Gecko) Chrome/114.0.0.0 Safari/537.36"
::1 - - [18/Jul/2023:07:37:31 +0000] "GET /js/modules/alarmStorage.js HTTP/1.1" 304 - "http://localhost:3333/js/modules/visual.js" "Mozilla/5.0 (Windows NT 10.0; Win64; x64) AppleWebKit/537.36 (KHTML, like Gecko) Chrome/114.0.0.0 Safari/537.36"
::1 - - [18/Jul/2023:07:37:31 +0000] "GET /js/modules/strelaKran.js HTTP/1.1" 304 - "http://localhost:3333/js/modules/visual.js" "Mozilla/5.0 (Windows NT 10.0; Win64; x64) AppleWebKit/537.36 (KHTML, like Gecko) Chrome/114.0.0.0 Safari/537.36"
::1 - - [18/Jul/2023:07:37:31 +0000] "GET /js/modules/staticObject.js HTTP/1.1" 304 - "http://localhost:3333/js/modules/visual.js" "Mozilla/5.0 (Windows NT 10.0; Win64; x64) AppleWebKit/537.36 (KHTML, like Gecko) Chrome/114.0.0.0 Safari/537.36"
::1 - - [18/Jul/2023:07:37:31 +0000] "GET /js/modules/cursorTooltip.js HTTP/1.1" 304 - "http://localhost:3333/js/modules/visual.js" "Mozilla/5.0 (Windows NT 10.0; Win64; x64) AppleWebKit/537.36 (KHTML, like Gecko) Chrome/114.0.0.0 Safari/537.36"
::1 - - [18/Jul/2023:07:37:31 +0000] "GET /js/class/Tooltip.js HTTP/1.1" 304 - "http://localhost:3333/js/modules/visual.js" "Mozilla/5.0 (Windows NT 10.0; Win64; x64) AppleWebKit/537.36 (KHTML, like Gecko) Chrome/114.0.0.0 Safari/537.36"
::1 - - [18/Jul/2023:07:37:31 +0000] "GET /js/modules/navigator.js HTTP/1.1" 304 - "http://localhost:3333/js/modules/spisok.js" "Mozilla/5.0 (Windows NT 10.0; Win64; x64) AppleWebKit/537.36 (KHTML, like Gecko) Chrome/114.0.0.0 Safari/537.36"
::1 - - [18/Jul/2023:07:37:31 +0000] "GET /js/modules/sort.js HTTP/1.1" 304 - "http://localhost:3333/js/modules/spisok.js" "Mozilla/5.0 (Windows NT 10.0; Win64; x64) AppleWebKit/537.36 (KHTML, like Gecko) Chrome/114.0.0.0 Safari/537.36"
::1 - - [18/Jul/2023:07:37:31 +0000] "GET /js/modules/grafiks.js HTTP/1.1" 304 - "http://localhost:3333/js/modules/startAllStatic.js" "Mozilla/5.0 (Windows NT 10.0; Win64; x64) AppleWebKit/537.36 (KHTML, like Gecko) Chrome/114.0.0.0 Safari/537.36"
::1 - - [18/Jul/2023:07:37:31 +0000] "GET /js/modules/canvas.js HTTP/1.1" 304 - "http://localhost:3333/js/modules/protector.js" "Mozilla/5.0 (Windows NT 10.0; Win64; x64) AppleWebKit/537.36 (KHTML, like Gecko) Chrome/114.0.0.0 Safari/537.36"
::1 - - [18/Jul/2023:07:37:31 +0000] "GET /js/modules/charts/speed.js HTTP/1.1" 304 - "http://localhost:3333/js/modules/graf.js" "Mozilla/5.0 (Windows NT 10.0; Win64; x64) AppleWebKit/537.36 (KHTML, like Gecko) Chrome/114.0.0.0 Safari/537.36"
::1 - - [18/Jul/2023:07:37:31 +0000] "GET /js/modules/charts/oil.js HTTP/1.1" 304 - "http://localhost:3333/js/modules/graf.js" "Mozilla/5.0 (Windows NT 10.0; Win64; x64) AppleWebKit/537.36 (KHTML, like Gecko) Chrome/114.0.0.0 Safari/537.36"
::1 - - [18/Jul/2023:07:37:31 +0000] "GET /js/modules/charts/bar.js HTTP/1.1" 304 - "http://localhost:3333/js/modules/graf.js" "Mozilla/5.0 (Windows NT 10.0; Win64; x64) AppleWebKit/537.36 (KHTML, like Gecko) Chrome/114.0.0.0 Safari/537.36"
::1 - - [18/Jul/2023:07:37:31 +0000] "GET /js/modules/modalOs.js HTTP/1.1" 304 - "http://localhost:3333/js/modules/paramsTyresView.js" "Mozilla/5.0 (Windows NT 10.0; Win64; x64) AppleWebKit/537.36 (KHTML, like Gecko) Chrome/114.0.0.0 Safari/537.36"
::1 - - [18/Jul/2023:07:37:31 +0000] "GET /image/favicon.ico HTTP/1.1" 304 - "http://localhost:3333/action" "Mozilla/5.0 (Windows NT 10.0; Win64; x64) AppleWebKit/537.36 (KHTML, like Gecko) Chrome/114.0.0.0 Safari/537.36"
::ffff:94.229.102.58 - - [18/Jul/2023:07:37:31 +0000] "POST /api/spisokList HTTP/1.1" 200 5301 "http://cursor-gps.ru/action" "Mozilla/5.0 (Windows NT 10.0; Win64; x64; rv:109.0) Gecko/20100101 Firefox/115.0"
::ffff:94.229.102.58 - - [18/Jul/2023:07:37:31 +0000] "POST /api/spisokList HTTP/1.1" 200 5245 "http://cursor-gps.ru/action" "Mozilla/5.0 (Windows NT 10.0; Win64; x64; rv:109.0) Gecko/20100101 Firefox/115.0"
::ffff:94.229.102.58 - - [18/Jul/2023:07:37:31 +0000] "POST /api/spisokList HTTP/1.1" 200 6030 "http://cursor-gps.ru/action" "Mozilla/5.0 (Windows NT 10.0; Win64; x64; rv:109.0) Gecko/20100101 Firefox/115.0"
::ffff:94.229.102.58 - - [18/Jul/2023:07:37:31 +0000] "POST /api/spisokList HTTP/1.1" 200 1529 "http://cursor-gps.ru/action" "Mozilla/5.0 (Windows NT 10.0; Win64; x64; rv:109.0) Gecko/20100101 Firefox/115.0"
::ffff:94.229.102.58 - - [18/Jul/2023:07:37:31 +0000] "POST /api/spisokList HTTP/1.1" 200 2883 "http://cursor-gps.ru/action" "Mozilla/5.0 (Windows NT 10.0; Win64; x64; rv:109.0) Gecko/20100101 Firefox/115.0"
::ffff:94.229.102.58 - - [18/Jul/2023:07:37:31 +0000] "POST /api/spisokList HTTP/1.1" 200 5281 "http://cursor-gps.ru/action" "Mozilla/5.0 (Windows NT 10.0; Win64; x64; rv:109.0) Gecko/20100101 Firefox/115.0"
::ffff:94.229.102.58 - - [18/Jul/2023:07:37:31 +0000] "POST /api/spisokList HTTP/1.1" 200 4809 "http://cursor-gps.ru/action" "Mozilla/5.0 (Windows NT 10.0; Win64; x64; rv:109.0) Gecko/20100101 Firefox/115.0"
::ffff:94.229.102.58 - - [18/Jul/2023:07:37:31 +0000] "POST /api/spisokList HTTP/1.1" 200 6134 "http://cursor-gps.ru/action" "Mozilla/5.0 (Windows NT 10.0; Win64; x64; rv:109.0) Gecko/20100101 Firefox/115.0"
::ffff:94.229.102.58 - - [18/Jul/2023:07:37:31 +0000] "POST /api/spisokList HTTP/1.1" 200 6318 "http://cursor-gps.ru/action" "Mozilla/5.0 (Windows NT 10.0; Win64; x64; rv:109.0) Gecko/20100101 Firefox/115.0"
::1 - - [18/Jul/2023:07:37:32 +0000] "POST /getData HTTP/1.1" 200 29 "http://localhost:3333/action" "Mozilla/5.0 (Windows NT 10.0; Win64; x64) AppleWebKit/537.36 (KHTML, like Gecko) Chrome/114.0.0.0 Safari/537.36"
::ffff:94.229.102.58 - - [18/Jul/2023:07:37:32 +0000] "POST /api/sensorsName HTTP/1.1" 200 4618 "http://cursor-gps.ru/action" "Mozilla/5.0 (Windows NT 10.0; Win64; x64; rv:109.0) Gecko/20100101 Firefox/115.0"
::ffff:94.229.102.58 - - [18/Jul/2023:07:37:32 +0000] "POST /api/sensorsName HTTP/1.1" 200 5366 "http://cursor-gps.ru/action" "Mozilla/5.0 (Windows NT 10.0; Win64; x64; rv:109.0) Gecko/20100101 Firefox/115.0"
::ffff:94.229.102.58 - - [18/Jul/2023:07:37:32 +0000] "POST /api/sensorsName HTTP/1.1" 200 13377 "http://cursor-gps.ru/action" "Mozilla/5.0 (Windows NT 10.0; Win64; x64; rv:109.0) Gecko/20100101 Firefox/115.0"
::ffff:94.229.102.58 - - [18/Jul/2023:07:37:32 +0000] "POST /api/sensorsName HTTP/1.1" 200 15425 "http://cursor-gps.ru/action" "Mozilla/5.0 (Windows NT 10.0; Win64; x64; rv:109.0) Gecko/20100101 Firefox/115.0"
::ffff:94.229.102.58 - - [18/Jul/2023:07:37:32 +0000] "POST /api/sensorsName HTTP/1.1" 200 16913 "http://cursor-gps.ru/action" "Mozilla/5.0 (Windows NT 10.0; Win64; x64; rv:109.0) Gecko/20100101 Firefox/115.0"
::ffff:94.229.102.58 - - [18/Jul/2023:07:37:32 +0000] "POST /api/sensorsName HTTP/1.1" 200 8884 "http://cursor-gps.ru/action" "Mozilla/5.0 (Windows NT 10.0; Win64; x64; rv:109.0) Gecko/20100101 Firefox/115.0"
::ffff:94.229.102.58 - - [18/Jul/2023:07:37:32 +0000] "POST /api/sensorsName HTTP/1.1" 200 3453 "http://cursor-gps.ru/action" "Mozilla/5.0 (Windows NT 10.0; Win64; x64; rv:109.0) Gecko/20100101 Firefox/115.0"
::ffff:94.229.102.58 - - [18/Jul/2023:07:37:32 +0000] "POST /api/sensorsName HTTP/1.1" 200 8830 "http://cursor-gps.ru/action" "Mozilla/5.0 (Windows NT 10.0; Win64; x64; rv:109.0) Gecko/20100101 Firefox/115.0"
::ffff:94.229.102.58 - - [18/Jul/2023:07:37:32 +0000] "POST /api/sensorsName HTTP/1.1" 200 10735 "http://cursor-gps.ru/action" "Mozilla/5.0 (Windows NT 10.0; Win64; x64; rv:109.0) Gecko/20100101 Firefox/115.0"
::ffff:94.229.102.58 - - [18/Jul/2023:07:37:32 +0000] "POST /api/lastSensors HTTP/1.1" 200 48 "http://cursor-gps.ru/action" "Mozilla/5.0 (Windows NT 10.0; Win64; x64; rv:109.0) Gecko/20100101 Firefox/115.0"
::1 - - [18/Jul/2023:07:37:32 +0000] "POST /api/dataSpisok HTTP/1.1" 200 44302 "http://localhost:3333/action" "Mozilla/5.0 (Windows NT 10.0; Win64; x64) AppleWebKit/537.36 (KHTML, like Gecko) Chrome/114.0.0.0 Safari/537.36"
::1 - - [18/Jul/2023:07:37:32 +0000] "POST /api/tarirView HTTP/1.1" 200 5829 "http://localhost:3333/action" "Mozilla/5.0 (Windows NT 10.0; Win64; x64) AppleWebKit/537.36 (KHTML, like Gecko) Chrome/114.0.0.0 Safari/537.36"
::ffff:94.229.102.58 - - [18/Jul/2023:07:37:32 +0000] "POST /api/lastSensors HTTP/1.1" 200 169 "http://cursor-gps.ru/action" "Mozilla/5.0 (Windows NT 10.0; Win64; x64; rv:109.0) Gecko/20100101 Firefox/115.0"
::ffff:94.229.102.58 - - [18/Jul/2023:07:37:32 +0000] "POST /api/lastSensors HTTP/1.1" 200 569 "http://cursor-gps.ru/action" "Mozilla/5.0 (Windows NT 10.0; Win64; x64; rv:109.0) Gecko/20100101 Firefox/115.0"
::ffff:94.229.102.58 - - [18/Jul/2023:07:37:32 +0000] "POST /api/lastSensors HTTP/1.1" 200 328 "http://cursor-gps.ru/action" "Mozilla/5.0 (Windows NT 10.0; Win64; x64; rv:109.0) Gecko/20100101 Firefox/115.0"
::ffff:94.229.102.58 - - [18/Jul/2023:07:37:32 +0000] "POST /api/lastSensors HTTP/1.1" 200 351 "http://cursor-gps.ru/action" "Mozilla/5.0 (Windows NT 10.0; Win64; x64; rv:109.0) Gecko/20100101 Firefox/115.0"
::ffff:94.229.102.58 - - [18/Jul/2023:07:37:32 +0000] "POST /api/lastSensors HTTP/1.1" 200 280 "http://cursor-gps.ru/action" "Mozilla/5.0 (Windows NT 10.0; Win64; x64; rv:109.0) Gecko/20100101 Firefox/115.0"
::1 - - [18/Jul/2023:07:37:32 +0000] "POST /api/sensorsName HTTP/1.1" 200 4618 "http://localhost:3333/action" "Mozilla/5.0 (Windows NT 10.0; Win64; x64) AppleWebKit/537.36 (KHTML, like Gecko) Chrome/114.0.0.0 Safari/537.36"
::1 - - [18/Jul/2023:07:37:32 +0000] "POST /api/sensorsName HTTP/1.1" 200 8884 "http://localhost:3333/action" "Mozilla/5.0 (Windows NT 10.0; Win64; x64) AppleWebKit/537.36 (KHTML, like Gecko) Chrome/114.0.0.0 Safari/537.36"
::1 - - [18/Jul/2023:07:37:32 +0000] "POST /api/sensorsName HTTP/1.1" 200 5366 "http://localhost:3333/action" "Mozilla/5.0 (Windows NT 10.0; Win64; x64) AppleWebKit/537.36 (KHTML, like Gecko) Chrome/114.0.0.0 Safari/537.36"
::1 - - [18/Jul/2023:07:37:32 +0000] "POST /api/sensorsName HTTP/1.1" 200 13377 "http://localhost:3333/action" "Mozilla/5.0 (Windows NT 10.0; Win64; x64) AppleWebKit/537.36 (KHTML, like Gecko) Chrome/114.0.0.0 Safari/537.36"
::1 - - [18/Jul/2023:07:37:32 +0000] "GET /image/sortVN.png HTTP/1.1" 304 - "http://localhost:3333/css/style.css" "Mozilla/5.0 (Windows NT 10.0; Win64; x64) AppleWebKit/537.36 (KHTML, like Gecko) Chrome/114.0.0.0 Safari/537.36"
::1 - - [18/Jul/2023:07:37:32 +0000] "GET /image/logosamosval-pricep.png HTTP/1.1" 304 - "http://localhost:3333/css/style.css" "Mozilla/5.0 (Windows NT 10.0; Win64; x64) AppleWebKit/537.36 (KHTML, like Gecko) Chrome/114.0.0.0 Safari/537.36"
::1 - - [18/Jul/2023:07:37:32 +0000] "GET /image/sitrack.png HTTP/1.1" 304 - "http://localhost:3333/css/style.css" "Mozilla/5.0 (Windows NT 10.0; Win64; x64) AppleWebKit/537.36 (KHTML, like Gecko) Chrome/114.0.0.0 Safari/537.36"
::1 - - [18/Jul/2023:07:37:32 +0000] "GET /image/das.png HTTP/1.1" 304 - "http://localhost:3333/css/style.css" "Mozilla/5.0 (Windows NT 10.0; Win64; x64) AppleWebKit/537.36 (KHTML, like Gecko) Chrome/114.0.0.0 Safari/537.36"
::1 - - [18/Jul/2023:07:37:32 +0000] "GET /image/al.png HTTP/1.1" 304 - "http://localhost:3333/css/style.css" "Mozilla/5.0 (Windows NT 10.0; Win64; x64) AppleWebKit/537.36 (KHTML, like Gecko) Chrome/114.0.0.0 Safari/537.36"
::1 - - [18/Jul/2023:07:37:32 +0000] "GET /image/ex.png HTTP/1.1" 304 - "http://localhost:3333/css/style.css" "Mozilla/5.0 (Windows NT 10.0; Win64; x64) AppleWebKit/537.36 (KHTML, like Gecko) Chrome/114.0.0.0 Safari/537.36"
::1 - - [18/Jul/2023:07:37:32 +0000] "POST /api/sensorsName HTTP/1.1" 200 16913 "http://localhost:3333/action" "Mozilla/5.0 (Windows NT 10.0; Win64; x64) AppleWebKit/537.36 (KHTML, like Gecko) Chrome/114.0.0.0 Safari/537.36"
::1 - - [18/Jul/2023:07:37:32 +0000] "POST /api/summaryYestoday HTTP/1.1" 200 1469 "http://localhost:3333/action" "Mozilla/5.0 (Windows NT 10.0; Win64; x64) AppleWebKit/537.36 (KHTML, like Gecko) Chrome/114.0.0.0 Safari/537.36"
::1 - - [18/Jul/2023:07:37:32 +0000] "POST /api/summaryYestoday HTTP/1.1" 200 1469 "http://localhost:3333/action" "Mozilla/5.0 (Windows NT 10.0; Win64; x64) AppleWebKit/537.36 (KHTML, like Gecko) Chrome/114.0.0.0 Safari/537.36"
::1 - - [18/Jul/2023:07:37:32 +0000] "POST /api/wialon HTTP/1.1" 200 4655 "http://localhost:3333/action" "Mozilla/5.0 (Windows NT 10.0; Win64; x64) AppleWebKit/537.36 (KHTML, like Gecko) Chrome/114.0.0.0 Safari/537.36"
::ffff:94.229.102.58 - - [18/Jul/2023:07:37:32 +0000] "POST /api/lastSensors HTTP/1.1" 200 133 "http://cursor-gps.ru/action" "Mozilla/5.0 (Windows NT 10.0; Win64; x64; rv:109.0) Gecko/20100101 Firefox/115.0"
::1 - - [18/Jul/2023:07:37:32 +0000] "POST /api/sensorsName HTTP/1.1" 200 15425 "http://localhost:3333/action" "Mozilla/5.0 (Windows NT 10.0; Win64; x64) AppleWebKit/537.36 (KHTML, like Gecko) Chrome/114.0.0.0 Safari/537.36"
::ffff:94.229.102.58 - - [18/Jul/2023:07:37:33 +0000] "POST /api/lastSensors HTTP/1.1" 200 475 "http://cursor-gps.ru/action" "Mozilla/5.0 (Windows NT 10.0; Win64; x64; rv:109.0) Gecko/20100101 Firefox/115.0"
::ffff:94.229.102.58 - - [18/Jul/2023:07:37:33 +0000] "POST /api/lastSensors HTTP/1.1" 200 534 "http://cursor-gps.ru/action" "Mozilla/5.0 (Windows NT 10.0; Win64; x64; rv:109.0) Gecko/20100101 Firefox/115.0"
::1 - - [18/Jul/2023:07:37:33 +0000] "POST /api/sensorsName HTTP/1.1" 200 8830 "http://localhost:3333/action" "Mozilla/5.0 (Windows NT 10.0; Win64; x64) AppleWebKit/537.36 (KHTML, like Gecko) Chrome/114.0.0.0 Safari/537.36"
::1 - - [18/Jul/2023:07:37:33 +0000] "POST /api/sensorsName HTTP/1.1" 200 3453 "http://localhost:3333/action" "Mozilla/5.0 (Windows NT 10.0; Win64; x64) AppleWebKit/537.36 (KHTML, like Gecko) Chrome/114.0.0.0 Safari/537.36"
::1 - - [18/Jul/2023:07:37:33 +0000] "POST /api/sensorsName HTTP/1.1" 200 10735 "http://localhost:3333/action" "Mozilla/5.0 (Windows NT 10.0; Win64; x64) AppleWebKit/537.36 (KHTML, like Gecko) Chrome/114.0.0.0 Safari/537.36"
::1 - - [18/Jul/2023:07:37:33 +0000] "POST /api/lastSensors HTTP/1.1" 200 48 "http://localhost:3333/action" "Mozilla/5.0 (Windows NT 10.0; Win64; x64) AppleWebKit/537.36 (KHTML, like Gecko) Chrome/114.0.0.0 Safari/537.36"
::1 - - [18/Jul/2023:07:37:33 +0000] "POST /api/iconFind HTTP/1.1" 200 245 "http://localhost:3333/action" "Mozilla/5.0 (Windows NT 10.0; Win64; x64) AppleWebKit/537.36 (KHTML, like Gecko) Chrome/114.0.0.0 Safari/537.36"
::1 - - [18/Jul/2023:07:37:33 +0000] "POST /api/lastSensors HTTP/1.1" 200 280 "http://localhost:3333/action" "Mozilla/5.0 (Windows NT 10.0; Win64; x64) AppleWebKit/537.36 (KHTML, like Gecko) Chrome/114.0.0.0 Safari/537.36"
::1 - - [18/Jul/2023:07:37:33 +0000] "POST /api/loadInterval HTTP/1.1" 200 103429 "http://localhost:3333/action" "Mozilla/5.0 (Windows NT 10.0; Win64; x64) AppleWebKit/537.36 (KHTML, like Gecko) Chrome/114.0.0.0 Safari/537.36"
::1 - - [18/Jul/2023:07:37:33 +0000] "POST /api/lastSensors HTTP/1.1" 200 569 "http://localhost:3333/action" "Mozilla/5.0 (Windows NT 10.0; Win64; x64) AppleWebKit/537.36 (KHTML, like Gecko) Chrome/114.0.0.0 Safari/537.36"
::1 - - [18/Jul/2023:07:37:33 +0000] "POST /api/lastSensors HTTP/1.1" 200 351 "http://localhost:3333/action" "Mozilla/5.0 (Windows NT 10.0; Win64; x64) AppleWebKit/537.36 (KHTML, like Gecko) Chrome/114.0.0.0 Safari/537.36"
::1 - - [18/Jul/2023:07:37:33 +0000] "POST /api/lastSensors HTTP/1.1" 200 328 "http://localhost:3333/action" "Mozilla/5.0 (Windows NT 10.0; Win64; x64) AppleWebKit/537.36 (KHTML, like Gecko) Chrome/114.0.0.0 Safari/537.36"
::1 - - [18/Jul/2023:07:37:33 +0000] "GET /image/furgon.png HTTP/1.1" 304 - "http://localhost:3333/css/style.css" "Mozilla/5.0 (Windows NT 10.0; Win64; x64) AppleWebKit/537.36 (KHTML, like Gecko) Chrome/114.0.0.0 Safari/537.36"
::1 - - [18/Jul/2023:07:37:33 +0000] "POST /api/lastSensors HTTP/1.1" 200 475 "http://localhost:3333/action" "Mozilla/5.0 (Windows NT 10.0; Win64; x64) AppleWebKit/537.36 (KHTML, like Gecko) Chrome/114.0.0.0 Safari/537.36"
::1 - - [18/Jul/2023:07:37:33 +0000] "POST /api/lastSensors HTTP/1.1" 200 133 "http://localhost:3333/action" "Mozilla/5.0 (Windows NT 10.0; Win64; x64) AppleWebKit/537.36 (KHTML, like Gecko) Chrome/114.0.0.0 Safari/537.36"
::1 - - [18/Jul/2023:07:37:33 +0000] "POST /api/lastSensors HTTP/1.1" 200 534 "http://localhost:3333/action" "Mozilla/5.0 (Windows NT 10.0; Win64; x64) AppleWebKit/537.36 (KHTML, like Gecko) Chrome/114.0.0.0 Safari/537.36"
::1 - - [18/Jul/2023:07:37:33 +0000] "POST /api/sensors HTTP/1.1" 200 29550 "http://localhost:3333/action" "Mozilla/5.0 (Windows NT 10.0; Win64; x64) AppleWebKit/537.36 (KHTML, like Gecko) Chrome/114.0.0.0 Safari/537.36"
::1 - - [18/Jul/2023:07:37:33 +0000] "POST /api/sensorsName HTTP/1.1" 200 5366 "http://localhost:3333/action" "Mozilla/5.0 (Windows NT 10.0; Win64; x64) AppleWebKit/537.36 (KHTML, like Gecko) Chrome/114.0.0.0 Safari/537.36"
::1 - - [18/Jul/2023:07:37:33 +0000] "POST /api/loadInterval HTTP/1.1" 200 25 "http://localhost:3333/action" "Mozilla/5.0 (Windows NT 10.0; Win64; x64) AppleWebKit/537.36 (KHTML, like Gecko) Chrome/114.0.0.0 Safari/537.36"
::1 - - [18/Jul/2023:07:37:33 +0000] "POST /api/sensors HTTP/1.1" 200 2 "http://localhost:3333/action" "Mozilla/5.0 (Windows NT 10.0; Win64; x64) AppleWebKit/537.36 (KHTML, like Gecko) Chrome/114.0.0.0 Safari/537.36"
::1 - - [18/Jul/2023:07:37:34 +0000] "POST /api/sensorsName HTTP/1.1" 200 13377 "http://localhost:3333/action" "Mozilla/5.0 (Windows NT 10.0; Win64; x64) AppleWebKit/537.36 (KHTML, like Gecko) Chrome/114.0.0.0 Safari/537.36"
::1 - - [18/Jul/2023:07:37:34 +0000] "POST /api/spisokList HTTP/1.1" 200 5301 "http://localhost:3333/action" "Mozilla/5.0 (Windows NT 10.0; Win64; x64) AppleWebKit/537.36 (KHTML, like Gecko) Chrome/114.0.0.0 Safari/537.36"
::1 - - [18/Jul/2023:07:37:34 +0000] "POST /api/spisokList HTTP/1.1" 200 6033 "http://localhost:3333/action" "Mozilla/5.0 (Windows NT 10.0; Win64; x64) AppleWebKit/537.36 (KHTML, like Gecko) Chrome/114.0.0.0 Safari/537.36"
::1 - - [18/Jul/2023:07:37:34 +0000] "POST /api/spisokList HTTP/1.1" 200 2885 "http://localhost:3333/action" "Mozilla/5.0 (Windows NT 10.0; Win64; x64) AppleWebKit/537.36 (KHTML, like Gecko) Chrome/114.0.0.0 Safari/537.36"
::1 - - [18/Jul/2023:07:37:34 +0000] "POST /api/spisokList HTTP/1.1" 200 5245 "http://localhost:3333/action" "Mozilla/5.0 (Windows NT 10.0; Win64; x64) AppleWebKit/537.36 (KHTML, like Gecko) Chrome/114.0.0.0 Safari/537.36"
::1 - - [18/Jul/2023:07:37:34 +0000] "POST /api/spisokList HTTP/1.1" 200 1529 "http://localhost:3333/action" "Mozilla/5.0 (Windows NT 10.0; Win64; x64) AppleWebKit/537.36 (KHTML, like Gecko) Chrome/114.0.0.0 Safari/537.36"
::1 - - [18/Jul/2023:07:37:34 +0000] "POST /api/spisokList HTTP/1.1" 200 5275 "http://localhost:3333/action" "Mozilla/5.0 (Windows NT 10.0; Win64; x64) AppleWebKit/537.36 (KHTML, like Gecko) Chrome/114.0.0.0 Safari/537.36"
::1 - - [18/Jul/2023:07:37:34 +0000] "POST /api/spisokList HTTP/1.1" 200 4809 "http://localhost:3333/action" "Mozilla/5.0 (Windows NT 10.0; Win64; x64) AppleWebKit/537.36 (KHTML, like Gecko) Chrome/114.0.0.0 Safari/537.36"
::1 - - [18/Jul/2023:07:37:34 +0000] "POST /api/spisokList HTTP/1.1" 200 6134 "http://localhost:3333/action" "Mozilla/5.0 (Windows NT 10.0; Win64; x64) AppleWebKit/537.36 (KHTML, like Gecko) Chrome/114.0.0.0 Safari/537.36"
::1 - - [18/Jul/2023:07:37:34 +0000] "POST /api/spisokList HTTP/1.1" 200 6318 "http://localhost:3333/action" "Mozilla/5.0 (Windows NT 10.0; Win64; x64) AppleWebKit/537.36 (KHTML, like Gecko) Chrome/114.0.0.0 Safari/537.36"
::1 - - [18/Jul/2023:07:37:34 +0000] "POST /api/sensorsName HTTP/1.1" 200 5366 "http://localhost:3333/action" "Mozilla/5.0 (Windows NT 10.0; Win64; x64) AppleWebKit/537.36 (KHTML, like Gecko) Chrome/114.0.0.0 Safari/537.36"
::1 - - [18/Jul/2023:07:37:34 +0000] "POST /api/sensorsName HTTP/1.1" 200 13377 "http://localhost:3333/action" "Mozilla/5.0 (Windows NT 10.0; Win64; x64) AppleWebKit/537.36 (KHTML, like Gecko) Chrome/114.0.0.0 Safari/537.36"
::1 - - [18/Jul/2023:07:37:35 +0000] "POST /api/sensorsName HTTP/1.1" 200 4618 "http://localhost:3333/action" "Mozilla/5.0 (Windows NT 10.0; Win64; x64) AppleWebKit/537.36 (KHTML, like Gecko) Chrome/114.0.0.0 Safari/537.36"
::1 - - [18/Jul/2023:07:37:35 +0000] "POST /api/sensorsName HTTP/1.1" 200 16913 "http://localhost:3333/action" "Mozilla/5.0 (Windows NT 10.0; Win64; x64) AppleWebKit/537.36 (KHTML, like Gecko) Chrome/114.0.0.0 Safari/537.36"
::1 - - [18/Jul/2023:07:37:35 +0000] "POST /api/sensorsName HTTP/1.1" 200 8884 "http://localhost:3333/action" "Mozilla/5.0 (Windows NT 10.0; Win64; x64) AppleWebKit/537.36 (KHTML, like Gecko) Chrome/114.0.0.0 Safari/537.36"
::1 - - [18/Jul/2023:07:37:35 +0000] "POST /api/sensorsName HTTP/1.1" 200 10735 "http://localhost:3333/action" "Mozilla/5.0 (Windows NT 10.0; Win64; x64) AppleWebKit/537.36 (KHTML, like Gecko) Chrome/114.0.0.0 Safari/537.36"
::1 - - [18/Jul/2023:07:37:35 +0000] "POST /api/sensorsName HTTP/1.1" 200 3453 "http://localhost:3333/action" "Mozilla/5.0 (Windows NT 10.0; Win64; x64) AppleWebKit/537.36 (KHTML, like Gecko) Chrome/114.0.0.0 Safari/537.36"
::1 - - [18/Jul/2023:07:37:35 +0000] "POST /api/lastSensors HTTP/1.1" 200 169 "http://localhost:3333/action" "Mozilla/5.0 (Windows NT 10.0; Win64; x64) AppleWebKit/537.36 (KHTML, like Gecko) Chrome/114.0.0.0 Safari/537.36"
::1 - - [18/Jul/2023:07:37:35 +0000] "POST /api/sensorsName HTTP/1.1" 200 8830 "http://localhost:3333/action" "Mozilla/5.0 (Windows NT 10.0; Win64; x64) AppleWebKit/537.36 (KHTML, like Gecko) Chrome/114.0.0.0 Safari/537.36"
::1 - - [18/Jul/2023:07:37:35 +0000] "POST /api/lastSensors HTTP/1.1" 200 569 "http://localhost:3333/action" "Mozilla/5.0 (Windows NT 10.0; Win64; x64) AppleWebKit/537.36 (KHTML, like Gecko) Chrome/114.0.0.0 Safari/537.36"
::1 - - [18/Jul/2023:07:37:35 +0000] "POST /api/lastSensors HTTP/1.1" 200 351 "http://localhost:3333/action" "Mozilla/5.0 (Windows NT 10.0; Win64; x64) AppleWebKit/537.36 (KHTML, like Gecko) Chrome/114.0.0.0 Safari/537.36"
::1 - - [18/Jul/2023:07:37:35 +0000] "POST /api/lastSensors HTTP/1.1" 200 280 "http://localhost:3333/action" "Mozilla/5.0 (Windows NT 10.0; Win64; x64) AppleWebKit/537.36 (KHTML, like Gecko) Chrome/114.0.0.0 Safari/537.36"
::1 - - [18/Jul/2023:07:37:36 +0000] "POST /api/lastSensors HTTP/1.1" 200 534 "http://localhost:3333/action" "Mozilla/5.0 (Windows NT 10.0; Win64; x64) AppleWebKit/537.36 (KHTML, like Gecko) Chrome/114.0.0.0 Safari/537.36"
::1 - - [18/Jul/2023:07:37:36 +0000] "POST /api/lastSensors HTTP/1.1" 200 133 "http://localhost:3333/action" "Mozilla/5.0 (Windows NT 10.0; Win64; x64) AppleWebKit/537.36 (KHTML, like Gecko) Chrome/114.0.0.0 Safari/537.36"
::1 - - [18/Jul/2023:07:37:36 +0000] "POST /api/loadInterval HTTP/1.1" 200 4495746 "http://localhost:3333/action" "Mozilla/5.0 (Windows NT 10.0; Win64; x64) AppleWebKit/537.36 (KHTML, like Gecko) Chrome/114.0.0.0 Safari/537.36"
::1 - - [18/Jul/2023:07:37:36 +0000] "POST /api/lastSensors HTTP/1.1" 200 475 "http://localhost:3333/action" "Mozilla/5.0 (Windows NT 10.0; Win64; x64) AppleWebKit/537.36 (KHTML, like Gecko) Chrome/114.0.0.0 Safari/537.36"
::1 - - [18/Jul/2023:07:37:36 +0000] "POST /api/lastSensors HTTP/1.1" 200 169 "http://localhost:3333/action" "Mozilla/5.0 (Windows NT 10.0; Win64; x64) AppleWebKit/537.36 (KHTML, like Gecko) Chrome/114.0.0.0 Safari/537.36"
::1 - - [18/Jul/2023:07:37:36 +0000] "POST /api/lastSensors HTTP/1.1" 200 48 "http://localhost:3333/action" "Mozilla/5.0 (Windows NT 10.0; Win64; x64) AppleWebKit/537.36 (KHTML, like Gecko) Chrome/114.0.0.0 Safari/537.36"
::1 - - [18/Jul/2023:07:37:37 +0000] "POST /api/sensors HTTP/1.1" 200 1238140 "http://localhost:3333/action" "Mozilla/5.0 (Windows NT 10.0; Win64; x64) AppleWebKit/537.36 (KHTML, like Gecko) Chrome/114.0.0.0 Safari/537.36"
::1 - - [18/Jul/2023:07:37:37 +0000] "POST /api/sensorsName HTTP/1.1" 200 16913 "http://localhost:3333/action" "Mozilla/5.0 (Windows NT 10.0; Win64; x64) AppleWebKit/537.36 (KHTML, like Gecko) Chrome/114.0.0.0 Safari/537.36"
::1 - - [18/Jul/2023:07:37:37 +0000] "POST /api/loadInterval HTTP/1.1" 200 105292 "http://localhost:3333/action" "Mozilla/5.0 (Windows NT 10.0; Win64; x64) AppleWebKit/537.36 (KHTML, like Gecko) Chrome/114.0.0.0 Safari/537.36"
::1 - - [18/Jul/2023:07:37:37 +0000] "POST /api/sensors HTTP/1.1" 200 32869 "http://localhost:3333/action" "Mozilla/5.0 (Windows NT 10.0; Win64; x64) AppleWebKit/537.36 (KHTML, like Gecko) Chrome/114.0.0.0 Safari/537.36"
::1 - - [18/Jul/2023:07:37:38 +0000] "POST /api/sensorsName HTTP/1.1" 200 15425 "http://localhost:3333/action" "Mozilla/5.0 (Windows NT 10.0; Win64; x64) AppleWebKit/537.36 (KHTML, like Gecko) Chrome/114.0.0.0 Safari/537.36"
::1 - - [18/Jul/2023:07:37:38 +0000] "POST /api/sensorsName HTTP/1.1" 200 15425 "http://localhost:3333/action" "Mozilla/5.0 (Windows NT 10.0; Win64; x64) AppleWebKit/537.36 (KHTML, like Gecko) Chrome/114.0.0.0 Safari/537.36"
::1 - - [18/Jul/2023:07:37:38 +0000] "POST /api/lastSensors HTTP/1.1" 200 328 "http://localhost:3333/action" "Mozilla/5.0 (Windows NT 10.0; Win64; x64) AppleWebKit/537.36 (KHTML, like Gecko) Chrome/114.0.0.0 Safari/537.36"
::1 - - [18/Jul/2023:07:37:38 +0000] "POST /api/loadInterval HTTP/1.1" 200 231710 "http://localhost:3333/action" "Mozilla/5.0 (Windows NT 10.0; Win64; x64) AppleWebKit/537.36 (KHTML, like Gecko) Chrome/114.0.0.0 Safari/537.36"
::1 - - [18/Jul/2023:07:37:38 +0000] "POST /api/sensors HTTP/1.1" 200 105807 "http://localhost:3333/action" "Mozilla/5.0 (Windows NT 10.0; Win64; x64) AppleWebKit/537.36 (KHTML, like Gecko) Chrome/114.0.0.0 Safari/537.36"
::1 - - [18/Jul/2023:07:37:38 +0000] "POST /api/sensorsName HTTP/1.1" 200 8830 "http://localhost:3333/action" "Mozilla/5.0 (Windows NT 10.0; Win64; x64) AppleWebKit/537.36 (KHTML, like Gecko) Chrome/114.0.0.0 Safari/537.36"
::1 - - [18/Jul/2023:07:37:39 +0000] "POST /api/loadInterval HTTP/1.1" 200 862754 "http://localhost:3333/action" "Mozilla/5.0 (Windows NT 10.0; Win64; x64) AppleWebKit/537.36 (KHTML, like Gecko) Chrome/114.0.0.0 Safari/537.36"
::1 - - [18/Jul/2023:07:37:39 +0000] "POST /api/sensors HTTP/1.1" 200 304027 "http://localhost:3333/action" "Mozilla/5.0 (Windows NT 10.0; Win64; x64) AppleWebKit/537.36 (KHTML, like Gecko) Chrome/114.0.0.0 Safari/537.36"
::1 - - [18/Jul/2023:07:37:40 +0000] "POST /api/sensorsName HTTP/1.1" 200 10735 "http://localhost:3333/action" "Mozilla/5.0 (Windows NT 10.0; Win64; x64) AppleWebKit/537.36 (KHTML, like Gecko) Chrome/114.0.0.0 Safari/537.36"
::1 - - [18/Jul/2023:07:37:40 +0000] "POST /api/summary HTTP/1.1" 200 45 "http://localhost:3333/action" "Mozilla/5.0 (Windows NT 10.0; Win64; x64) AppleWebKit/537.36 (KHTML, like Gecko) Chrome/114.0.0.0 Safari/537.36"
::1 - - [18/Jul/2023:07:37:40 +0000] "POST /api/summary HTTP/1.1" 200 45 "http://localhost:3333/action" "Mozilla/5.0 (Windows NT 10.0; Win64; x64) AppleWebKit/537.36 (KHTML, like Gecko) Chrome/114.0.0.0 Safari/537.36"
::1 - - [18/Jul/2023:07:37:40 +0000] "POST /api/summary HTTP/1.1" 200 45 "http://localhost:3333/action" "Mozilla/5.0 (Windows NT 10.0; Win64; x64) AppleWebKit/537.36 (KHTML, like Gecko) Chrome/114.0.0.0 Safari/537.36"
::1 - - [18/Jul/2023:07:37:40 +0000] "POST /api/summary HTTP/1.1" 200 45 "http://localhost:3333/action" "Mozilla/5.0 (Windows NT 10.0; Win64; x64) AppleWebKit/537.36 (KHTML, like Gecko) Chrome/114.0.0.0 Safari/537.36"
::1 - - [18/Jul/2023:07:37:40 +0000] "POST /api/summary HTTP/1.1" 200 45 "http://localhost:3333/action" "Mozilla/5.0 (Windows NT 10.0; Win64; x64) AppleWebKit/537.36 (KHTML, like Gecko) Chrome/114.0.0.0 Safari/537.36"
::1 - - [18/Jul/2023:07:37:40 +0000] "POST /api/summary HTTP/1.1" 200 45 "http://localhost:3333/action" "Mozilla/5.0 (Windows NT 10.0; Win64; x64) AppleWebKit/537.36 (KHTML, like Gecko) Chrome/114.0.0.0 Safari/537.36"
::1 - - [18/Jul/2023:07:38:31 +0000] "POST /api/spisokList HTTP/1.1" 200 5301 "http://localhost:3333/action" "Mozilla/5.0 (Windows NT 10.0; Win64; x64) AppleWebKit/537.36 (KHTML, like Gecko) Chrome/114.0.0.0 Safari/537.36"
::1 - - [18/Jul/2023:07:38:31 +0000] "POST /api/spisokList HTTP/1.1" 200 5245 "http://localhost:3333/action" "Mozilla/5.0 (Windows NT 10.0; Win64; x64) AppleWebKit/537.36 (KHTML, like Gecko) Chrome/114.0.0.0 Safari/537.36"
::1 - - [18/Jul/2023:07:38:31 +0000] "POST /api/spisokList HTTP/1.1" 200 1529 "http://localhost:3333/action" "Mozilla/5.0 (Windows NT 10.0; Win64; x64) AppleWebKit/537.36 (KHTML, like Gecko) Chrome/114.0.0.0 Safari/537.36"
::1 - - [18/Jul/2023:07:38:31 +0000] "POST /api/spisokList HTTP/1.1" 200 5275 "http://localhost:3333/action" "Mozilla/5.0 (Windows NT 10.0; Win64; x64) AppleWebKit/537.36 (KHTML, like Gecko) Chrome/114.0.0.0 Safari/537.36"
::1 - - [18/Jul/2023:07:38:31 +0000] "POST /api/spisokList HTTP/1.1" 200 2885 "http://localhost:3333/action" "Mozilla/5.0 (Windows NT 10.0; Win64; x64) AppleWebKit/537.36 (KHTML, like Gecko) Chrome/114.0.0.0 Safari/537.36"
::1 - - [18/Jul/2023:07:38:31 +0000] "POST /api/spisokList HTTP/1.1" 200 6033 "http://localhost:3333/action" "Mozilla/5.0 (Windows NT 10.0; Win64; x64) AppleWebKit/537.36 (KHTML, like Gecko) Chrome/114.0.0.0 Safari/537.36"
::1 - - [18/Jul/2023:07:38:31 +0000] "POST /api/spisokList HTTP/1.1" 200 6134 "http://localhost:3333/action" "Mozilla/5.0 (Windows NT 10.0; Win64; x64) AppleWebKit/537.36 (KHTML, like Gecko) Chrome/114.0.0.0 Safari/537.36"
::1 - - [18/Jul/2023:07:38:31 +0000] "POST /api/spisokList HTTP/1.1" 200 6318 "http://localhost:3333/action" "Mozilla/5.0 (Windows NT 10.0; Win64; x64) AppleWebKit/537.36 (KHTML, like Gecko) Chrome/114.0.0.0 Safari/537.36"
::1 - - [18/Jul/2023:07:38:31 +0000] "POST /api/spisokList HTTP/1.1" 200 4809 "http://localhost:3333/action" "Mozilla/5.0 (Windows NT 10.0; Win64; x64) AppleWebKit/537.36 (KHTML, like Gecko) Chrome/114.0.0.0 Safari/537.36"
::ffff:94.229.102.58 - - [18/Jul/2023:07:38:31 +0000] "POST /api/spisokList HTTP/1.1" 200 5301 "http://cursor-gps.ru/action" "Mozilla/5.0 (Windows NT 10.0; Win64; x64; rv:109.0) Gecko/20100101 Firefox/115.0"
::ffff:94.229.102.58 - - [18/Jul/2023:07:38:31 +0000] "POST /api/spisokList HTTP/1.1" 200 6033 "http://cursor-gps.ru/action" "Mozilla/5.0 (Windows NT 10.0; Win64; x64; rv:109.0) Gecko/20100101 Firefox/115.0"
::ffff:94.229.102.58 - - [18/Jul/2023:07:38:31 +0000] "POST /api/spisokList HTTP/1.1" 200 5245 "http://cursor-gps.ru/action" "Mozilla/5.0 (Windows NT 10.0; Win64; x64; rv:109.0) Gecko/20100101 Firefox/115.0"
::ffff:94.229.102.58 - - [18/Jul/2023:07:38:31 +0000] "POST /api/spisokList HTTP/1.1" 200 2885 "http://cursor-gps.ru/action" "Mozilla/5.0 (Windows NT 10.0; Win64; x64; rv:109.0) Gecko/20100101 Firefox/115.0"
::ffff:94.229.102.58 - - [18/Jul/2023:07:38:31 +0000] "POST /api/spisokList HTTP/1.1" 200 1529 "http://cursor-gps.ru/action" "Mozilla/5.0 (Windows NT 10.0; Win64; x64; rv:109.0) Gecko/20100101 Firefox/115.0"
::ffff:94.229.102.58 - - [18/Jul/2023:07:38:31 +0000] "POST /api/spisokList HTTP/1.1" 200 5275 "http://cursor-gps.ru/action" "Mozilla/5.0 (Windows NT 10.0; Win64; x64; rv:109.0) Gecko/20100101 Firefox/115.0"
::ffff:94.229.102.58 - - [18/Jul/2023:07:38:31 +0000] "POST /api/spisokList HTTP/1.1" 200 4809 "http://cursor-gps.ru/action" "Mozilla/5.0 (Windows NT 10.0; Win64; x64; rv:109.0) Gecko/20100101 Firefox/115.0"
::ffff:94.229.102.58 - - [18/Jul/2023:07:38:31 +0000] "POST /api/spisokList HTTP/1.1" 200 6134 "http://cursor-gps.ru/action" "Mozilla/5.0 (Windows NT 10.0; Win64; x64; rv:109.0) Gecko/20100101 Firefox/115.0"
::ffff:94.229.102.58 - - [18/Jul/2023:07:38:31 +0000] "POST /api/spisokList HTTP/1.1" 200 6318 "http://cursor-gps.ru/action" "Mozilla/5.0 (Windows NT 10.0; Win64; x64; rv:109.0) Gecko/20100101 Firefox/115.0"
::1 - - [18/Jul/2023:07:38:31 +0000] "POST /api/sensorsName HTTP/1.1" 200 13377 "http://localhost:3333/action" "Mozilla/5.0 (Windows NT 10.0; Win64; x64) AppleWebKit/537.36 (KHTML, like Gecko) Chrome/114.0.0.0 Safari/537.36"
::1 - - [18/Jul/2023:07:38:31 +0000] "POST /api/sensorsName HTTP/1.1" 200 4618 "http://localhost:3333/action" "Mozilla/5.0 (Windows NT 10.0; Win64; x64) AppleWebKit/537.36 (KHTML, like Gecko) Chrome/114.0.0.0 Safari/537.36"
::1 - - [18/Jul/2023:07:38:31 +0000] "POST /api/sensorsName HTTP/1.1" 200 5366 "http://localhost:3333/action" "Mozilla/5.0 (Windows NT 10.0; Win64; x64) AppleWebKit/537.36 (KHTML, like Gecko) Chrome/114.0.0.0 Safari/537.36"
::1 - - [18/Jul/2023:07:38:31 +0000] "POST /api/sensorsName HTTP/1.1" 200 3453 "http://localhost:3333/action" "Mozilla/5.0 (Windows NT 10.0; Win64; x64) AppleWebKit/537.36 (KHTML, like Gecko) Chrome/114.0.0.0 Safari/537.36"
::1 - - [18/Jul/2023:07:38:32 +0000] "POST /api/sensorsName HTTP/1.1" 200 15425 "http://localhost:3333/action" "Mozilla/5.0 (Windows NT 10.0; Win64; x64) AppleWebKit/537.36 (KHTML, like Gecko) Chrome/114.0.0.0 Safari/537.36"
::1 - - [18/Jul/2023:07:38:32 +0000] "POST /api/sensorsName HTTP/1.1" 200 16913 "http://localhost:3333/action" "Mozilla/5.0 (Windows NT 10.0; Win64; x64) AppleWebKit/537.36 (KHTML, like Gecko) Chrome/114.0.0.0 Safari/537.36"
::ffff:94.229.102.58 - - [18/Jul/2023:07:38:32 +0000] "POST /api/sensorsName HTTP/1.1" 200 4618 "http://cursor-gps.ru/action" "Mozilla/5.0 (Windows NT 10.0; Win64; x64; rv:109.0) Gecko/20100101 Firefox/115.0"
::ffff:94.229.102.58 - - [18/Jul/2023:07:38:32 +0000] "POST /api/sensorsName HTTP/1.1" 200 13377 "http://cursor-gps.ru/action" "Mozilla/5.0 (Windows NT 10.0; Win64; x64; rv:109.0) Gecko/20100101 Firefox/115.0"
::ffff:94.229.102.58 - - [18/Jul/2023:07:38:32 +0000] "POST /api/sensorsName HTTP/1.1" 200 5366 "http://cursor-gps.ru/action" "Mozilla/5.0 (Windows NT 10.0; Win64; x64; rv:109.0) Gecko/20100101 Firefox/115.0"
::1 - - [18/Jul/2023:07:38:32 +0000] "POST /api/sensorsName HTTP/1.1" 200 8830 "http://localhost:3333/action" "Mozilla/5.0 (Windows NT 10.0; Win64; x64) AppleWebKit/537.36 (KHTML, like Gecko) Chrome/114.0.0.0 Safari/537.36"
::1 - - [18/Jul/2023:07:38:32 +0000] "POST /api/sensorsName HTTP/1.1" 200 8884 "http://localhost:3333/action" "Mozilla/5.0 (Windows NT 10.0; Win64; x64) AppleWebKit/537.36 (KHTML, like Gecko) Chrome/114.0.0.0 Safari/537.36"
::1 - - [18/Jul/2023:07:38:32 +0000] "POST /api/lastSensors HTTP/1.1" 200 569 "http://localhost:3333/action" "Mozilla/5.0 (Windows NT 10.0; Win64; x64) AppleWebKit/537.36 (KHTML, like Gecko) Chrome/114.0.0.0 Safari/537.36"
::1 - - [18/Jul/2023:07:38:32 +0000] "POST /api/sensorsName HTTP/1.1" 200 10735 "http://localhost:3333/action" "Mozilla/5.0 (Windows NT 10.0; Win64; x64) AppleWebKit/537.36 (KHTML, like Gecko) Chrome/114.0.0.0 Safari/537.36"
::ffff:94.229.102.58 - - [18/Jul/2023:07:38:32 +0000] "POST /api/sensorsName HTTP/1.1" 200 15425 "http://cursor-gps.ru/action" "Mozilla/5.0 (Windows NT 10.0; Win64; x64; rv:109.0) Gecko/20100101 Firefox/115.0"
::ffff:94.229.102.58 - - [18/Jul/2023:07:38:32 +0000] "POST /api/sensorsName HTTP/1.1" 200 16913 "http://cursor-gps.ru/action" "Mozilla/5.0 (Windows NT 10.0; Win64; x64; rv:109.0) Gecko/20100101 Firefox/115.0"
::1 - - [18/Jul/2023:07:38:32 +0000] "POST /api/lastSensors HTTP/1.1" 200 47 "http://localhost:3333/action" "Mozilla/5.0 (Windows NT 10.0; Win64; x64) AppleWebKit/537.36 (KHTML, like Gecko) Chrome/114.0.0.0 Safari/537.36"
::1 - - [18/Jul/2023:07:38:32 +0000] "POST /api/lastSensors HTTP/1.1" 200 165 "http://localhost:3333/action" "Mozilla/5.0 (Windows NT 10.0; Win64; x64) AppleWebKit/537.36 (KHTML, like Gecko) Chrome/114.0.0.0 Safari/537.36"
::ffff:94.229.102.58 - - [18/Jul/2023:07:38:32 +0000] "POST /api/sensorsName HTTP/1.1" 200 3453 "http://cursor-gps.ru/action" "Mozilla/5.0 (Windows NT 10.0; Win64; x64; rv:109.0) Gecko/20100101 Firefox/115.0"
::ffff:94.229.102.58 - - [18/Jul/2023:07:38:32 +0000] "POST /api/sensorsName HTTP/1.1" 200 8830 "http://cursor-gps.ru/action" "Mozilla/5.0 (Windows NT 10.0; Win64; x64; rv:109.0) Gecko/20100101 Firefox/115.0"
::ffff:94.229.102.58 - - [18/Jul/2023:07:38:32 +0000] "POST /api/sensorsName HTTP/1.1" 200 8884 "http://cursor-gps.ru/action" "Mozilla/5.0 (Windows NT 10.0; Win64; x64; rv:109.0) Gecko/20100101 Firefox/115.0"
::1 - - [18/Jul/2023:07:38:32 +0000] "POST /api/lastSensors HTTP/1.1" 200 350 "http://localhost:3333/action" "Mozilla/5.0 (Windows NT 10.0; Win64; x64) AppleWebKit/537.36 (KHTML, like Gecko) Chrome/114.0.0.0 Safari/537.36"
::1 - - [18/Jul/2023:07:38:32 +0000] "POST /api/lastSensors HTTP/1.1" 200 134 "http://localhost:3333/action" "Mozilla/5.0 (Windows NT 10.0; Win64; x64) AppleWebKit/537.36 (KHTML, like Gecko) Chrome/114.0.0.0 Safari/537.36"
::1 - - [18/Jul/2023:07:38:32 +0000] "POST /api/lastSensors HTTP/1.1" 200 328 "http://localhost:3333/action" "Mozilla/5.0 (Windows NT 10.0; Win64; x64) AppleWebKit/537.36 (KHTML, like Gecko) Chrome/114.0.0.0 Safari/537.36"
::ffff:94.229.102.58 - - [18/Jul/2023:07:38:32 +0000] "POST /api/sensorsName HTTP/1.1" 200 10735 "http://cursor-gps.ru/action" "Mozilla/5.0 (Windows NT 10.0; Win64; x64; rv:109.0) Gecko/20100101 Firefox/115.0"
::1 - - [18/Jul/2023:07:38:32 +0000] "POST /api/lastSensors HTTP/1.1" 200 475 "http://localhost:3333/action" "Mozilla/5.0 (Windows NT 10.0; Win64; x64) AppleWebKit/537.36 (KHTML, like Gecko) Chrome/114.0.0.0 Safari/537.36"
::ffff:94.229.102.58 - - [18/Jul/2023:07:38:32 +0000] "POST /api/lastSensors HTTP/1.1" 200 47 "http://cursor-gps.ru/action" "Mozilla/5.0 (Windows NT 10.0; Win64; x64; rv:109.0) Gecko/20100101 Firefox/115.0"
::1 - - [18/Jul/2023:07:38:32 +0000] "POST /api/lastSensors HTTP/1.1" 200 280 "http://localhost:3333/action" "Mozilla/5.0 (Windows NT 10.0; Win64; x64) AppleWebKit/537.36 (KHTML, like Gecko) Chrome/114.0.0.0 Safari/537.36"
::1 - - [18/Jul/2023:07:38:32 +0000] "POST /api/lastSensors HTTP/1.1" 200 572 "http://localhost:3333/action" "Mozilla/5.0 (Windows NT 10.0; Win64; x64) AppleWebKit/537.36 (KHTML, like Gecko) Chrome/114.0.0.0 Safari/537.36"
::ffff:94.229.102.58 - - [18/Jul/2023:07:38:32 +0000] "POST /api/lastSensors HTTP/1.1" 200 569 "http://cursor-gps.ru/action" "Mozilla/5.0 (Windows NT 10.0; Win64; x64; rv:109.0) Gecko/20100101 Firefox/115.0"
::ffff:94.229.102.58 - - [18/Jul/2023:07:38:32 +0000] "POST /api/lastSensors HTTP/1.1" 200 165 "http://cursor-gps.ru/action" "Mozilla/5.0 (Windows NT 10.0; Win64; x64; rv:109.0) Gecko/20100101 Firefox/115.0"
::ffff:94.229.102.58 - - [18/Jul/2023:07:38:32 +0000] "POST /api/lastSensors HTTP/1.1" 200 328 "http://cursor-gps.ru/action" "Mozilla/5.0 (Windows NT 10.0; Win64; x64; rv:109.0) Gecko/20100101 Firefox/115.0"
::ffff:94.229.102.58 - - [18/Jul/2023:07:38:32 +0000] "POST /api/lastSensors HTTP/1.1" 200 350 "http://cursor-gps.ru/action" "Mozilla/5.0 (Windows NT 10.0; Win64; x64; rv:109.0) Gecko/20100101 Firefox/115.0"
::ffff:94.229.102.58 - - [18/Jul/2023:07:38:32 +0000] "POST /api/lastSensors HTTP/1.1" 200 134 "http://cursor-gps.ru/action" "Mozilla/5.0 (Windows NT 10.0; Win64; x64; rv:109.0) Gecko/20100101 Firefox/115.0"
::ffff:94.229.102.58 - - [18/Jul/2023:07:38:32 +0000] "POST /api/lastSensors HTTP/1.1" 200 475 "http://cursor-gps.ru/action" "Mozilla/5.0 (Windows NT 10.0; Win64; x64; rv:109.0) Gecko/20100101 Firefox/115.0"
::ffff:94.229.102.58 - - [18/Jul/2023:07:38:32 +0000] "POST /api/lastSensors HTTP/1.1" 200 280 "http://cursor-gps.ru/action" "Mozilla/5.0 (Windows NT 10.0; Win64; x64; rv:109.0) Gecko/20100101 Firefox/115.0"
::ffff:94.229.102.58 - - [18/Jul/2023:07:38:32 +0000] "POST /api/lastSensors HTTP/1.1" 200 572 "http://cursor-gps.ru/action" "Mozilla/5.0 (Windows NT 10.0; Win64; x64; rv:109.0) Gecko/20100101 Firefox/115.0"
::1 - - [18/Jul/2023:07:39:31 +0000] "POST /api/spisokList HTTP/1.1" 200 5301 "http://localhost:3333/action" "Mozilla/5.0 (Windows NT 10.0; Win64; x64) AppleWebKit/537.36 (KHTML, like Gecko) Chrome/114.0.0.0 Safari/537.36"
::1 - - [18/Jul/2023:07:39:31 +0000] "POST /api/spisokList HTTP/1.1" 200 5275 "http://localhost:3333/action" "Mozilla/5.0 (Windows NT 10.0; Win64; x64) AppleWebKit/537.36 (KHTML, like Gecko) Chrome/114.0.0.0 Safari/537.36"
::1 - - [18/Jul/2023:07:39:31 +0000] "POST /api/spisokList HTTP/1.1" 200 5245 "http://localhost:3333/action" "Mozilla/5.0 (Windows NT 10.0; Win64; x64) AppleWebKit/537.36 (KHTML, like Gecko) Chrome/114.0.0.0 Safari/537.36"
::1 - - [18/Jul/2023:07:39:31 +0000] "POST /api/spisokList HTTP/1.1" 200 2885 "http://localhost:3333/action" "Mozilla/5.0 (Windows NT 10.0; Win64; x64) AppleWebKit/537.36 (KHTML, like Gecko) Chrome/114.0.0.0 Safari/537.36"
::1 - - [18/Jul/2023:07:39:31 +0000] "POST /api/spisokList HTTP/1.1" 200 6033 "http://localhost:3333/action" "Mozilla/5.0 (Windows NT 10.0; Win64; x64) AppleWebKit/537.36 (KHTML, like Gecko) Chrome/114.0.0.0 Safari/537.36"
::1 - - [18/Jul/2023:07:39:31 +0000] "POST /api/spisokList HTTP/1.1" 200 1529 "http://localhost:3333/action" "Mozilla/5.0 (Windows NT 10.0; Win64; x64) AppleWebKit/537.36 (KHTML, like Gecko) Chrome/114.0.0.0 Safari/537.36"
::1 - - [18/Jul/2023:07:39:31 +0000] "POST /api/spisokList HTTP/1.1" 200 4809 "http://localhost:3333/action" "Mozilla/5.0 (Windows NT 10.0; Win64; x64) AppleWebKit/537.36 (KHTML, like Gecko) Chrome/114.0.0.0 Safari/537.36"
::1 - - [18/Jul/2023:07:39:31 +0000] "POST /api/spisokList HTTP/1.1" 200 6318 "http://localhost:3333/action" "Mozilla/5.0 (Windows NT 10.0; Win64; x64) AppleWebKit/537.36 (KHTML, like Gecko) Chrome/114.0.0.0 Safari/537.36"
::1 - - [18/Jul/2023:07:39:31 +0000] "POST /api/spisokList HTTP/1.1" 200 6134 "http://localhost:3333/action" "Mozilla/5.0 (Windows NT 10.0; Win64; x64) AppleWebKit/537.36 (KHTML, like Gecko) Chrome/114.0.0.0 Safari/537.36"
::ffff:94.229.102.58 - - [18/Jul/2023:07:39:31 +0000] "POST /api/spisokList HTTP/1.1" 200 5301 "http://cursor-gps.ru/action" "Mozilla/5.0 (Windows NT 10.0; Win64; x64; rv:109.0) Gecko/20100101 Firefox/115.0"
::ffff:94.229.102.58 - - [18/Jul/2023:07:39:31 +0000] "POST /api/spisokList HTTP/1.1" 200 5245 "http://cursor-gps.ru/action" "Mozilla/5.0 (Windows NT 10.0; Win64; x64; rv:109.0) Gecko/20100101 Firefox/115.0"
::ffff:94.229.102.58 - - [18/Jul/2023:07:39:31 +0000] "POST /api/spisokList HTTP/1.1" 200 2885 "http://cursor-gps.ru/action" "Mozilla/5.0 (Windows NT 10.0; Win64; x64; rv:109.0) Gecko/20100101 Firefox/115.0"
::ffff:94.229.102.58 - - [18/Jul/2023:07:39:31 +0000] "POST /api/spisokList HTTP/1.1" 200 6033 "http://cursor-gps.ru/action" "Mozilla/5.0 (Windows NT 10.0; Win64; x64; rv:109.0) Gecko/20100101 Firefox/115.0"
::ffff:94.229.102.58 - - [18/Jul/2023:07:39:31 +0000] "POST /api/spisokList HTTP/1.1" 200 1529 "http://cursor-gps.ru/action" "Mozilla/5.0 (Windows NT 10.0; Win64; x64; rv:109.0) Gecko/20100101 Firefox/115.0"
::ffff:94.229.102.58 - - [18/Jul/2023:07:39:31 +0000] "POST /api/spisokList HTTP/1.1" 200 5275 "http://cursor-gps.ru/action" "Mozilla/5.0 (Windows NT 10.0; Win64; x64; rv:109.0) Gecko/20100101 Firefox/115.0"
::ffff:94.229.102.58 - - [18/Jul/2023:07:39:31 +0000] "POST /api/spisokList HTTP/1.1" 200 4809 "http://cursor-gps.ru/action" "Mozilla/5.0 (Windows NT 10.0; Win64; x64; rv:109.0) Gecko/20100101 Firefox/115.0"
::ffff:94.229.102.58 - - [18/Jul/2023:07:39:31 +0000] "POST /api/spisokList HTTP/1.1" 200 6134 "http://cursor-gps.ru/action" "Mozilla/5.0 (Windows NT 10.0; Win64; x64; rv:109.0) Gecko/20100101 Firefox/115.0"
::ffff:94.229.102.58 - - [18/Jul/2023:07:39:31 +0000] "POST /api/spisokList HTTP/1.1" 200 6318 "http://cursor-gps.ru/action" "Mozilla/5.0 (Windows NT 10.0; Win64; x64; rv:109.0) Gecko/20100101 Firefox/115.0"
::1 - - [18/Jul/2023:07:39:31 +0000] "POST /api/sensorsName HTTP/1.1" 200 5366 "http://localhost:3333/action" "Mozilla/5.0 (Windows NT 10.0; Win64; x64) AppleWebKit/537.36 (KHTML, like Gecko) Chrome/114.0.0.0 Safari/537.36"
::1 - - [18/Jul/2023:07:39:31 +0000] "POST /api/sensorsName HTTP/1.1" 200 4618 "http://localhost:3333/action" "Mozilla/5.0 (Windows NT 10.0; Win64; x64) AppleWebKit/537.36 (KHTML, like Gecko) Chrome/114.0.0.0 Safari/537.36"
::1 - - [18/Jul/2023:07:39:31 +0000] "POST /api/sensorsName HTTP/1.1" 200 3453 "http://localhost:3333/action" "Mozilla/5.0 (Windows NT 10.0; Win64; x64) AppleWebKit/537.36 (KHTML, like Gecko) Chrome/114.0.0.0 Safari/537.36"
::1 - - [18/Jul/2023:07:39:31 +0000] "POST /api/sensorsName HTTP/1.1" 200 13377 "http://localhost:3333/action" "Mozilla/5.0 (Windows NT 10.0; Win64; x64) AppleWebKit/537.36 (KHTML, like Gecko) Chrome/114.0.0.0 Safari/537.36"
::1 - - [18/Jul/2023:07:39:32 +0000] "POST /api/sensorsName HTTP/1.1" 200 15425 "http://localhost:3333/action" "Mozilla/5.0 (Windows NT 10.0; Win64; x64) AppleWebKit/537.36 (KHTML, like Gecko) Chrome/114.0.0.0 Safari/537.36"
::1 - - [18/Jul/2023:07:39:32 +0000] "POST /api/sensorsName HTTP/1.1" 200 16913 "http://localhost:3333/action" "Mozilla/5.0 (Windows NT 10.0; Win64; x64) AppleWebKit/537.36 (KHTML, like Gecko) Chrome/114.0.0.0 Safari/537.36"
::ffff:94.229.102.58 - - [18/Jul/2023:07:39:32 +0000] "POST /api/sensorsName HTTP/1.1" 200 13377 "http://cursor-gps.ru/action" "Mozilla/5.0 (Windows NT 10.0; Win64; x64; rv:109.0) Gecko/20100101 Firefox/115.0"
::ffff:94.229.102.58 - - [18/Jul/2023:07:39:32 +0000] "POST /api/sensorsName HTTP/1.1" 200 4618 "http://cursor-gps.ru/action" "Mozilla/5.0 (Windows NT 10.0; Win64; x64; rv:109.0) Gecko/20100101 Firefox/115.0"
::ffff:94.229.102.58 - - [18/Jul/2023:07:39:32 +0000] "POST /api/sensorsName HTTP/1.1" 200 5366 "http://cursor-gps.ru/action" "Mozilla/5.0 (Windows NT 10.0; Win64; x64; rv:109.0) Gecko/20100101 Firefox/115.0"
::ffff:94.229.102.58 - - [18/Jul/2023:07:39:32 +0000] "POST /api/sensorsName HTTP/1.1" 200 15425 "http://cursor-gps.ru/action" "Mozilla/5.0 (Windows NT 10.0; Win64; x64; rv:109.0) Gecko/20100101 Firefox/115.0"
::ffff:94.229.102.58 - - [18/Jul/2023:07:39:32 +0000] "POST /api/sensorsName HTTP/1.1" 200 16913 "http://cursor-gps.ru/action" "Mozilla/5.0 (Windows NT 10.0; Win64; x64; rv:109.0) Gecko/20100101 Firefox/115.0"
::1 - - [18/Jul/2023:07:39:32 +0000] "POST /api/lastSensors HTTP/1.1" 200 165 "http://localhost:3333/action" "Mozilla/5.0 (Windows NT 10.0; Win64; x64) AppleWebKit/537.36 (KHTML, like Gecko) Chrome/114.0.0.0 Safari/537.36"
::1 - - [18/Jul/2023:07:39:32 +0000] "POST /api/sensorsName HTTP/1.1" 200 8884 "http://localhost:3333/action" "Mozilla/5.0 (Windows NT 10.0; Win64; x64) AppleWebKit/537.36 (KHTML, like Gecko) Chrome/114.0.0.0 Safari/537.36"
::1 - - [18/Jul/2023:07:39:32 +0000] "POST /api/sensorsName HTTP/1.1" 200 10735 "http://localhost:3333/action" "Mozilla/5.0 (Windows NT 10.0; Win64; x64) AppleWebKit/537.36 (KHTML, like Gecko) Chrome/114.0.0.0 Safari/537.36"
::1 - - [18/Jul/2023:07:39:32 +0000] "POST /api/sensorsName HTTP/1.1" 200 8830 "http://localhost:3333/action" "Mozilla/5.0 (Windows NT 10.0; Win64; x64) AppleWebKit/537.36 (KHTML, like Gecko) Chrome/114.0.0.0 Safari/537.36"
::1 - - [18/Jul/2023:07:39:32 +0000] "POST /api/lastSensors HTTP/1.1" 200 153 "http://localhost:3333/action" "Mozilla/5.0 (Windows NT 10.0; Win64; x64) AppleWebKit/537.36 (KHTML, like Gecko) Chrome/114.0.0.0 Safari/537.36"
